// Jest Snapshot v1, https://goo.gl/fbAQLP

exports[`WorkflowsSection --- Snapshot Capturing Snapshot of WorkflowsSection 1`] = `
<body
  id="app"
>
  <div>
    <section
      class="container"
    >
      <div
        class="header"
      >
        <h1
          class="team"
        >
          Lucas' team (0)
        </h1>
      </div>
      <div
        class="workflows"
      >
        <button
          class="container"
        >
          <svg
            aria-hidden="true"
            class="addIcon"
            focusable="false"
            height="32"
            preserveAspectRatio="xMidYMid meet"
            viewBox="0 0 32 32"
            width="32"
            xmlns="http://www.w3.org/2000/svg"
          >
            <polygon
              points="17,15 17,8 15,8 15,15 8,15 8,17 15,17 15,24 17,24 17,17 24,17 24,15"
            />
          </svg>
          <p
            class="text"
          >
            Create a new workflow
          </p>
        </button>
      </div>
    </section>
  </div>
  <div
    class="ReactModalPortal"
  />
</body>
`;
