// Vitest Snapshot v1

exports[`Header --- Snapshot > Capturing Snapshot of Task Templates 1`] = `
<body
  id="app"
>
  <div>
    <header
      class="cds--bmrg-feature-header _featureHeader_4b0ee6 --bordered"
    >
      <section
        class="cds--bmrg-feature-header__content"
      >
        <p
          class="_category_4b0ee6"
        >
          communication
        </p>
        <div
          class="_infoContainer_4b0ee6"
        >
          <svg
            alt="Task node type get, read"
            aria-hidden="true"
            fill="currentColor"
            focusable="false"
            height="16"
            preserveAspectRatio="xMidYMid meet"
            style="min-width: 1.5rem; min-height: 1.5rem; margin-right: 0.75rem;"
            viewBox="0 0 16 16"
            width="16"
            xmlns="http://www.w3.org/2000/svg"
          >
            <path
              d="M15,14.3L10.7,10c1.9-2.3,1.6-5.8-0.7-7.7S4.2,0.7,2.3,3S0.7,8.8,3,10.7c2,1.7,5,1.7,7,0l4.3,4.3L15,14.3z M2,6.5 C2,4,4,2,6.5,2S11,4,11,6.5S9,11,6.5,11S2,9,2,6.5z"
            />
          </svg>
          <h1
            class="_taskName_4b0ee6"
            title="Slack User Look Up"
          >
            Slack User Look Up
          </h1>
          <button
            class="_button_61c4b8"
          >
            <svg
              aria-hidden="true"
              fill="currentColor"
              focusable="false"
              height="16"
              preserveAspectRatio="xMidYMid meet"
              viewBox="0 0 32 32"
              width="16"
              xmlns="http://www.w3.org/2000/svg"
            >
              <path
                d="M26,2H8A2,2,0,0,0,6,4V8H4v2H6v5H4v2H6v5H4v2H6v4a2,2,0,0,0,2,2H26a2,2,0,0,0,2-2V4A2,2,0,0,0,26,2Zm0,26H8V24h2V22H8V17h2V15H8V10h2V8H8V4H26Z"
              />
              <path
                d="M14 8H22V10H14zM14 15H22V17H14zM14 22H22V24H14z"
              />
            </svg>
          </button>
          <a
            class="_exportYaml_4b0ee6"
            download="Slack User Look Up.yaml"
            href="/api/workflow/tasktemplate/undefined/yaml"
            rel="noopener noreferrer"
            target="_blank"
          >
            <svg
              aria-hidden="true"
              fill="currentColor"
              focusable="false"
              height="16"
              preserveAspectRatio="xMidYMid meet"
              viewBox="0 0 16 16"
              width="16"
              xmlns="http://www.w3.org/2000/svg"
            >
              <path
                d="M13 7L12.3 6.3 8.5 10.1 8.5 1 7.5 1 7.5 10.1 3.7 6.3 3 7 8 12zM13 12v2H3v-2H2v2l0 0c0 .6.4 1 1 1h10c.6 0 1-.4 1-1l0 0v-2H13z"
              />
            </svg>
          </a>
        </div>
        <p
          class="_lastUpdate_4b0ee6"
        >
          Version created Apr 30, 2020 by ---
        </p>
        <div
          class="cds--bmrg-feature-header__footer"
        >
          <nav
            aria-label="Task template views"
            class="cds--tabs"
          >
            <ul
              class="cds--tab--list"
            >
              <a
                class="cds--tabs__nav-item cds--tabs__nav-link"
                href="/admin/task-templates/5e670a1e2d5e6a302de4f41d/1"
              >
                Overview
              </a>
              <a
                class="cds--tabs__nav-item cds--tabs__nav-link"
                href="/admin/task-templates/5e670a1e2d5e6a302de4f41d/1/yaml-editor"
              >
                Yaml
              </a>
            </ul>
          </nav>
        </div>
      </section>
      <div
        class="_buttons_4b0ee6"
      >
        <div
          class="_container_b033d1"
        >
          <div
            class="_buttonListContainer_b033d1"
          >
            <div
              class="_buttonList_b033d1"
            >
              <button
                class="_button_b033d1"
                disabled=""
              >
                <svg
                  alt="first version"
                  aria-hidden="true"
                  class="_icon_b033d1 _disabled_b033d1"
                  fill="currentColor"
                  focusable="false"
                  height="16"
                  preserveAspectRatio="xMidYMid meet"
                  viewBox="0 0 32 32"
                  width="16"
                  xmlns="http://www.w3.org/2000/svg"
                >
                  <path
                    d="M14 16L24 6 25.4 7.4 16.8 16 25.4 24.6 24 26zM8 4H10V28H8z"
                  />
                </svg>
              </button>
              <button
                class="_button_b033d1"
                disabled=""
              >
                <svg
                  alt="back one version"
                  aria-hidden="true"
                  class="_icon_b033d1 _disabled_b033d1"
                  fill="currentColor"
                  focusable="false"
                  height="16"
                  preserveAspectRatio="xMidYMid meet"
                  viewBox="0 0 16 16"
                  width="16"
                  xmlns="http://www.w3.org/2000/svg"
                >
                  <path
                    d="M5 8L10 3 10.7 3.7 6.4 8 10.7 12.3 10 13z"
                  />
                </svg>
              </button>
            </div>
            <p
              class="_versionText_b033d1"
            >
              Version 1
            </p>
            <div
              class="_buttonList_b033d1"
            >
              <button
                class="_button_b033d1"
                disabled=""
              >
                <svg
                  alt="forward one version"
                  aria-hidden="true"
                  class="_icon_b033d1 _disabled_b033d1"
                  fill="currentColor"
                  focusable="false"
                  height="16"
                  preserveAspectRatio="xMidYMid meet"
                  viewBox="0 0 16 16"
                  width="16"
                  xmlns="http://www.w3.org/2000/svg"
                >
                  <path
                    d="M11 8L6 13 5.3 12.3 9.6 8 5.3 3.7 6 3z"
                  />
                </svg>
              </button>
              <button
                class="_button_b033d1"
                disabled=""
              >
                <svg
                  alt="last version"
                  aria-hidden="true"
                  class="_icon_b033d1 _disabled_b033d1"
                  fill="currentColor"
                  focusable="false"
                  height="16"
                  preserveAspectRatio="xMidYMid meet"
                  viewBox="0 0 32 32"
                  width="16"
                  xmlns="http://www.w3.org/2000/svg"
                >
                  <path
                    d="M18 16L8 26 6.6 24.6 15.2 16 6.6 7.4 8 6zM22 4H24V28H22z"
                  />
                </svg>
              </button>
            </div>
          </div>
        </div>
        <button
          class="_resetButton_4b0ee6 cds--btn cds--btn--md cds--btn--ghost cds--btn--disabled"
          disabled=""
          tabindex="0"
          type="button"
        >
           
          Reset changes
          <svg
            aria-hidden="true"
            class="cds--btn__icon"
            fill="currentColor"
            focusable="false"
            height="16"
            preserveAspectRatio="xMidYMid meet"
            viewBox="0 0 16 16"
            width="16"
            xmlns="http://www.w3.org/2000/svg"
          >
            <path
              d="M12,8c1.2,0,2,0.8,2,2c0,1.2-0.8,2-2,2H9v1h3c1.7,0,3-1.2,3-3c0-1.7-1.3-3-3-3L2.9,7l2-2L4.2,4.3L1,7.5 l3.2,3.2L4.9,10l-2-2L12,8z"
            />
          </svg>
        </button>
        <button
          class="_mainActionButton_4b0ee6 cds--btn cds--btn--md cds--btn--primary cds--btn--disabled"
          disabled=""
          tabindex="0"
          type="button"
        >
          Save...
          <svg
            aria-hidden="true"
            aria-label="Save a new version or update the current one"
            class="cds--btn__icon"
            fill="currentColor"
            focusable="false"
            height="16"
            preserveAspectRatio="xMidYMid meet"
            role="img"
            viewBox="0 0 16 16"
            width="16"
            xmlns="http://www.w3.org/2000/svg"
          >
            <path
              d="M13.9,4.6l-2.5-2.5C11.3,2.1,11.1,2,11,2H3C2.4,2,2,2.4,2,3v10c0,0.6,0.4,1,1,1h10c0.6,0,1-0.4,1-1V5 C14,4.9,13.9,4.7,13.9,4.6z M6,3h4v2H6V3z M10,13H6V9h4V13z M11,13V9c0-0.6-0.4-1-1-1H6C5.4,8,5,8.4,5,9v4H3V3h2v2c0,0.6,0.4,1,1,1 h4c0.6,0,1-0.4,1-1V3.2l2,2V13H11z"
            />
          </svg>
        </button>
      </div>
    </header>
  </div>
  <div
    class="cds--bmrg-modal-portal"
  />
  <div
    class="cds--bmrg-modal-portal"
  />
  <div
    class="cds--bmrg-modal-portal"
  />
</body>
`;
