// Jest Snapshot v1, https://goo.gl/fbAQLP

exports[`PreviewConfig --- Snapshot Capturing Snapshot of Task Templates 1`] = `
<body
  aria-hidden="true"
  class="bx--bmrg-body-modal-is-open"
  id="app"
>
  <div
    data-react-modal-body-trap=""
    style="position: absolute; opacity: 0;"
    tabindex="0"
  />
  <div>
    <button
      class="bx--btn bx--btn--field bx--btn--ghost"
      style="width: 6.25rem;"
      tabindex="0"
      type="button"
    >
      Preview
      <svg
        aria-hidden="true"
        aria-label="Preview task"
        class="bx--btn__icon"
        fill="currentColor"
        focusable="false"
        height="16"
        preserveAspectRatio="xMidYMid meet"
        role="img"
        viewBox="0 0 16 16"
        width="16"
        xmlns="http://www.w3.org/2000/svg"
      >
        <path
          d="M15.5,7.8C14.3,4.7,11.3,2.6,8,2.5C4.7,2.6,1.7,4.7,0.5,7.8c0,0.1,0,0.2,0,0.3c1.2,3.1,4.1,5.2,7.5,5.3	c3.3-0.1,6.3-2.2,7.5-5.3C15.5,8.1,15.5,7.9,15.5,7.8z M8,12.5c-2.7,0-5.4-2-6.5-4.5c1-2.5,3.8-4.5,6.5-4.5s5.4,2,6.5,4.5	C13.4,10.5,10.6,12.5,8,12.5z"
        />
        <path
          d="M8,5C6.3,5,5,6.3,5,8s1.3,3,3,3s3-1.3,3-3S9.7,5,8,5z M8,10c-1.1,0-2-0.9-2-2s0.9-2,2-2s2,0.9,2,2S9.1,10,8,10z"
        />
      </svg>
    </button>
  </div>
  <div
    class="bx--bmrg-modal-portal"
  >
    <div
      class="bx--bmrg-modal-overlay --is-open"
    >
      <div
        aria-modal="true"
        class="bx--bmrg-modal-container bx--bmrg-modal-composed-container bx--modal-container modal-container-fix-width --is-open"
        role="dialog"
        tabindex="-1"
      >
        <div
          class="bx--modal-header"
        >
          <p
            class="bx--modal-header__heading bx--type-beta"
          >
            [Preview] Test template
          </p>
          <p
            class="bx--bmrg-modal-composed-subtitle"
          >
            This is a preview of what the user sees when editing this Task. The user can also give this task a custom name for their Workflow, and can adjust its connected tasks. You can type in these fields to test any validation requirements.
          </p>
          <button
            aria-label="Close"
            class="bx--modal-close"
            title="Close"
            type="button"
          >
            <svg
              aria-hidden="true"
              class="bx--modal-close__icon"
              fill="currentColor"
              focusable="false"
              height="20"
              preserveAspectRatio="xMidYMid meet"
              viewBox="0 0 32 32"
              width="20"
              xmlns="http://www.w3.org/2000/svg"
            >
              <path
                d="M24 9.4L22.6 8 16 14.6 9.4 8 8 9.4 14.6 16 8 22.6 9.4 24 16 17.4 22.6 24 24 22.6 17.4 16 24 9.4z"
              />
            </svg>
          </button>
        </div>
        <div
          class="bx--bmrg-dynamic-formik"
        >
          <form
            class="bx--bmrg-modal-form"
            novalidate=""
          >
            <div
              class="bx--modal-content"
            >
              <div
                class="bx--bmrg-text-input"
              >
                <div
                  class="bx--form-item bx--text-input-wrapper"
                >
                  <label
                    class="bx--label"
                    for="['path']"
                  >
                    <div
                      class="bx--bmrg-text-input__label"
                    >
                      <div>
                        File Path
                      </div>
                      
                    </div>
                  </label>
                  <div
                    class="bx--text-input__field-outer-wrapper"
                  >
                    <div
                      class="bx--text-input__field-wrapper"
                    >
                      <input
                        class="bx--text-input bx--text__input"
                        id="['path']"
                        name="['path']"
                        placeholder=""
                        title=""
                        type="text"
                        value=""
                      />
                    </div>
                  </div>
                </div>
              </div>
              <div
                class="bx--bmrg-text-input"
              >
                <div
                  class="bx--form-item bx--text-input-wrapper"
                >
                  <label
                    class="bx--label"
                    for="['propertyName']"
                  >
                    <div
                      class="bx--bmrg-text-input__label"
                    >
                      <div>
                        Property Name
                      </div>
                      
                    </div>
                  </label>
                  <div
                    class="bx--text-input__field-outer-wrapper"
                  >
                    <div
                      class="bx--text-input__field-wrapper"
                    >
                      <input
                        class="bx--text-input bx--text__input"
                        id="['propertyName']"
                        name="['propertyName']"
                        placeholder=""
                        title=""
                        type="text"
                        value=""
                      />
                    </div>
                  </div>
                </div>
              </div>
            </div>
          </form>
        </div>
      </div>
    </div>
  </div>
  <div
    data-react-modal-body-trap=""
    style="position: absolute; opacity: 0;"
    tabindex="0"
  />
  <div
    class="bx--bmrg-modal-portal"
  />
</body>
`;
