// Jest Snapshot v1, https://goo.gl/fbAQLP

exports[`WorkflowInsights --- Snapshot Capturing Snapshot of WorkflowInsights 1`] = `
<body
  id="app"
>
  <div>
    <header
      class="bx--bmrg-feature-header container"
    >
      <section
        class="bx--bmrg-feature-header__content"
      >
        <hgroup
          class="bx--bmrg-feature-header__header"
        >
          <h2
            class="bx--bmrg-feature-header-text"
          >
            There are some
          </h2>
          <h1
            class="bx--bmrg-feature-header-text"
          >
            Insights
          </h1>
        </hgroup>
      </section>
    </header>
    <div
      class="container"
    >
      <div
        class="header"
      >
        <div
          class="bx--bmrg-select"
        >
          <div
            class="bx--list-box__wrapper"
          >
            <label
              class="bx--label"
              for="ALL_OPTIONS.TEAMS"
            >
              <div
                style="display: flex;"
              >
                <div>
                  Filter by team
                </div>
              </div>
            </label>
            <div
              class="bx--combo-box bx--list-box"
            >
              <div
                aria-expanded="false"
                aria-haspopup="true"
                aria-label="open menu"
                class="bx--list-box__field"
                data-toggle="true"
                role="button"
                tabindex="-1"
                type="button"
              >
                <input
                  aria-autocomplete="list"
                  aria-controls="ALL_OPTIONS.TEAMS__menu"
                  aria-expanded="false"
                  aria-label="Choose an item"
                  autocomplete="off"
                  class="bx--text-input"
                  data-testid="ALL_OPTIONS.TEAMS"
                  id="ALL_OPTIONS.TEAMS"
                  placeholder="Teams"
                  role="combobox"
                  value="All Teams"
                />
                <div
                  aria-label="Clear Selection"
                  class="bx--list-box__selection"
                  role="button"
                  tabindex="0"
                  title="Clear selected item"
                >
                  <svg
                    aria-hidden="true"
                    fill="currentColor"
                    focusable="false"
                    height="16"
                    preserveAspectRatio="xMidYMid meet"
                    viewBox="0 0 32 32"
                    width="16"
                    xmlns="http://www.w3.org/2000/svg"
                  >
                    <path
                      d="M24 9.4L22.6 8 16 14.6 9.4 8 8 9.4 14.6 16 8 22.6 9.4 24 16 17.4 22.6 24 24 22.6 17.4 16 24 9.4z"
                    />
                  </svg>
                </div>
                <div
                  class="bx--list-box__menu-icon"
                >
                  <svg
                    aria-label="Open menu"
                    fill="currentColor"
                    focusable="false"
                    height="16"
                    name="chevron--down"
                    preserveAspectRatio="xMidYMid meet"
                    role="img"
                    viewBox="0 0 16 16"
                    width="16"
                    xmlns="http://www.w3.org/2000/svg"
                  >
                    <path
                      d="M8 11L3 6 3.7 5.3 8 9.6 12.3 5.3 13 6z"
                    />
                    <title>
                      Open menu
                    </title>
                  </svg>
                </div>
              </div>
            </div>
          </div>
        </div>
        <div
          class="bx--bmrg-select"
        >
          <div
            class="bx--list-box__wrapper"
          >
            <label
              class="bx--label"
              for="workflows-dropdown"
            >
              <div
                style="display: flex;"
              >
                <div>
                  Filter by Workflow
                </div>
              </div>
            </label>
            <div
              class="bx--combo-box bx--list-box"
            >
              <div
                aria-expanded="false"
                aria-haspopup="true"
                aria-label="open menu"
                class="bx--list-box__field"
                data-toggle="true"
                role="button"
                tabindex="-1"
                type="button"
              >
                <input
                  aria-autocomplete="list"
                  aria-controls="workflows-dropdown__menu"
                  aria-expanded="false"
                  aria-label="Choose an item"
                  autocomplete="off"
                  class="bx--text-input"
                  id="workflows-dropdown"
                  placeholder="Workflows"
                  role="combobox"
                  value="All Workflows"
                />
                <div
                  aria-label="Clear Selection"
                  class="bx--list-box__selection"
                  role="button"
                  tabindex="0"
                  title="Clear selected item"
                >
                  <svg
                    aria-hidden="true"
                    fill="currentColor"
                    focusable="false"
                    height="16"
                    preserveAspectRatio="xMidYMid meet"
                    viewBox="0 0 32 32"
                    width="16"
                    xmlns="http://www.w3.org/2000/svg"
                  >
                    <path
                      d="M24 9.4L22.6 8 16 14.6 9.4 8 8 9.4 14.6 16 8 22.6 9.4 24 16 17.4 22.6 24 24 22.6 17.4 16 24 9.4z"
                    />
                  </svg>
                </div>
                <div
                  class="bx--list-box__menu-icon"
                >
                  <svg
                    aria-label="Open menu"
                    fill="currentColor"
                    focusable="false"
                    height="16"
                    name="chevron--down"
                    preserveAspectRatio="xMidYMid meet"
                    role="img"
                    viewBox="0 0 16 16"
                    width="16"
                    xmlns="http://www.w3.org/2000/svg"
                  >
                    <path
                      d="M8 11L3 6 3.7 5.3 8 9.6 12.3 5.3 13 6z"
                    />
                    <title>
                      Open menu
                    </title>
                  </svg>
                </div>
              </div>
            </div>
          </div>
        </div>
        <div
          class="bx--bmrg-select"
        >
          <div
            class="bx--list-box__wrapper"
          >
            <label
              class="bx--label"
              for="time-frame-dropdown"
            >
              <div
                style="display: flex;"
              >
                <div>
                  Time period
                </div>
              </div>
            </label>
            <div
              class="bx--combo-box bx--list-box"
            >
              <div
                aria-expanded="false"
                aria-haspopup="true"
                aria-label="open menu"
                class="bx--list-box__field"
                data-toggle="true"
                role="button"
                tabindex="-1"
                type="button"
              >
                <input
                  aria-autocomplete="list"
                  aria-controls="time-frame-dropdown__menu"
                  aria-expanded="false"
                  aria-label="Choose an item"
                  autocomplete="off"
                  class="bx--text-input"
                  id="time-frame-dropdown"
                  placeholder="Time Frame"
                  role="combobox"
                  value="3 months"
                />
                <div
                  aria-label="Clear Selection"
                  class="bx--list-box__selection"
                  role="button"
                  tabindex="0"
                  title="Clear selected item"
                >
                  <svg
                    aria-hidden="true"
                    fill="currentColor"
                    focusable="false"
                    height="16"
                    preserveAspectRatio="xMidYMid meet"
                    viewBox="0 0 32 32"
                    width="16"
                    xmlns="http://www.w3.org/2000/svg"
                  >
                    <path
                      d="M24 9.4L22.6 8 16 14.6 9.4 8 8 9.4 14.6 16 8 22.6 9.4 24 16 17.4 22.6 24 24 22.6 17.4 16 24 9.4z"
                    />
                  </svg>
                </div>
                <div
                  class="bx--list-box__menu-icon"
                >
                  <svg
                    aria-label="Open menu"
                    fill="currentColor"
                    focusable="false"
                    height="16"
                    name="chevron--down"
                    preserveAspectRatio="xMidYMid meet"
                    role="img"
                    viewBox="0 0 16 16"
                    width="16"
                    xmlns="http://www.w3.org/2000/svg"
                  >
                    <path
                      d="M8 11L3 6 3.7 5.3 8 9.6 12.3 5.3 13 6z"
                    />
                    <title>
                      Open menu
                    </title>
                  </svg>
                </div>
              </div>
            </div>
          </div>
        </div>
      </div>
      <div
        class="statsWidgets"
        data-testid="completed-insights"
      >
        <div
          class="insightsCards"
          style="flex-direction: row;"
        >
          <div
            class="bx--tile container"
            style="max-height: none;"
          >
            <div>
              <h3
                class="title"
              >
                Executions
              </h3>
              <div
                class="totalCountContainer"
              >
                <p
                  class="totalCount"
                >
                  3
                </p>
                <p
                  class="type"
                >
                  runs
                </p>
              </div>
            </div>
            <ul
              class="list"
            >
              <li
                class="row"
              >
                <p
                  class="itemValue"
                  style="width: 2rem;"
                >
                  3
                </p>
                <p
                  class="itemLabel"
                >
                  IBM Services Engineering
                </p>
              </li>
              <li
                class="row"
              >
                <p
                  class="itemValue"
                  style="width: 2rem;"
                >
                  0
                </p>
                <p
                  class="itemLabel"
                >
                  IBM Services Essentials
                </p>
              </li>
            </ul>
          </div>
          <div
            class="bx--tile container"
            style="max-height: 22.375rem;"
          >
            <div>
              <h3
                class="title"
              >
                Duration (median)
              </h3>
              <div
                class="totalCountContainer"
              >
                <p
                  class="totalCount"
                >
                  0 secs
                </p>
                <p
                  class="type"
                />
              </div>
            </div>
            <ul
              class="list"
            >
              <li
                class="row"
              >
                <p
                  class="itemValue"
                  style="width: 7rem;"
                >
                  0 secs
                </p>
                <p
                  class="itemLabel"
                >
                  Minimum
                </p>
              </li>
              <li
                class="row"
              >
                <p
                  class="itemValue"
                  style="width: 7rem;"
                >
                  0 secs
                </p>
                <p
                  class="itemLabel"
                >
                  Maximum
                </p>
              </li>
              <li
                class="row"
              >
                <p
                  class="itemValue"
                  style="width: 7rem;"
                >
                  0 secs
                </p>
                <p
                  class="itemLabel"
                >
                  Average
                </p>
              </li>
            </ul>
          </div>
        </div>
        <div
          class="bx--tile container"
          style="width: 33rem; max-height: 22.375rem;"
        >
          <div>
            <h3
              class="title"
            >
              Status
            </h3>
            <div
              class="totalCountContainer"
            >
              <p
                class="totalCount"
              />
              <p
                class="type"
              />
            </div>
          </div>
          <div
            class="CarbonDonutChart"
          >
            <donutchart
              data="[object Object]"
              options="[object Object]"
            />
          </div>
        </div>
      </div>
      <div
        class="graphsWidgets"
      >
        <div
          class="bx--tile container"
          style="width: 50rem; max-height: none;"
        >
          <div>
            <h3
              class="title"
            >
              Execution
            </h3>
            <div
              class="totalCountContainer"
            >
              <p
                class="totalCount"
              />
              <p
                class="type"
              />
            </div>
          </div>
          <div
            class="CarbonTimeLineChart"
          >
            <linechart
              data="[object Object]"
              options="[object Object]"
            />
          </div>
        </div>
        <div
          class="bx--tile container"
          style="width: 50rem; max-height: none;"
        >
          <div>
            <h3
              class="title"
            >
              Execution Time
            </h3>
            <div
              class="totalCountContainer"
            >
              <p
                class="totalCount"
              />
              <p
                class="type"
              />
            </div>
          </div>
          <div
            class="CarbonTimeScatterChart"
          >
            <scatterchart
              data="[object Object]"
              options="[object Object]"
            />
          </div>
        </div>
      </div>
    </div>
  </div>
</body>
`;
