// Jest Snapshot v1, https://goo.gl/fbAQLP

exports[`SearchFilterBar --- Snapshot Capturing Snapshot of SearchFilterBar 1`] = `
<body
  id="app"
>
  <div>
    <div
      class="b-search-filter"
    >
      <div
        class="b-search-filter__search"
      >
        <div
          class="bx--search bx--search--xl"
        >
          <svg
            aria-hidden="true"
            class="bx--search-magnifier"
            focusable="false"
            height="16"
            preserveAspectRatio="xMidYMid meet"
            style="will-change: transform;"
            viewBox="0 0 16 16"
            width="16"
            xmlns="http://www.w3.org/2000/svg"
          >
            <path
              d="M15 14.3L10.7 10c1.9-2.3 1.6-5.8-.7-7.7S4.2.7 2.3 3 .7 8.8 3 10.7c2 1.7 5 1.7 7 0l4.3 4.3.7-.7zM2 6.5C2 4 4 2 6.5 2S11 4 11 6.5 9 11 6.5 11 2 9 2 6.5z"
            />
          </svg>
          <label
            class="bx--label"
            for="search-worfklows"
          >
            Search for a workflow
          </label>
          <input
            class="bx--search-input"
            id="search-worfklows"
            placeholder="Search for a workflow"
            type="text"
            value=""
          />
          <button
            aria-label="Clear search input"
            class="bx--search-close bx--search-close--hidden"
            type="button"
          >
            <svg
              aria-hidden="true"
              focusable="false"
              height="20"
              preserveAspectRatio="xMidYMid meet"
              style="will-change: transform;"
              viewBox="0 0 32 32"
              width="20"
              xmlns="http://www.w3.org/2000/svg"
            >
              <path
                d="M24 9.4L22.6 8 16 14.6 9.4 8 8 9.4l6.6 6.6L8 22.6 9.4 24l6.6-6.6 6.6 6.6 1.4-1.4-6.6-6.6L24 9.4z"
              />
            </svg>
          </button>
        </div>
      </div>
      <div
        class="b-search-filter__filter"
      >
        <div
          class="bx--form-item"
        >
          <div
            class="bx--select"
          >
            <label
              class="bx--label bx--visually-hidden"
              for="select"
            >
              Select
            </label>
            <div
              class="bx--select-input__wrapper"
            >
              <select
                class="bx--select-input"
                id="select"
              >
                <option
                  class="bx--select-option"
                  value="none"
                >
                  All Workflows
                </option>
                <optgroup
                  class="bx--select-optgroup"
                  label="test"
                />
              </select>
              <svg
                aria-label="open list of options"
                class="bx--select__arrow"
                focusable="false"
                height="16"
                preserveAspectRatio="xMidYMid meet"
                role="img"
                style="will-change: transform;"
                viewBox="0 0 16 16"
                width="16"
                xmlns="http://www.w3.org/2000/svg"
              >
                <path
                  d="M8 11L3 6l.7-.7L8 9.6l4.3-4.3.7.7z"
                />
                <title>
                  open list of options
                </title>
              </svg>
            </div>
          </div>
        </div>
      </div>
    </div>
  </div>
</body>
`;
