// Jest Snapshot v1, https://goo.gl/fbAQLP

exports[`WorkflowCard --- Snapshot Capturing Snapshot of WorkflowCard 1`] = `
<div
  className="c-workflow-card"
>
  <div
    aria-expanded={false}
    aria-haspopup={true}
    aria-label="card menu"
    className="b-workflow-card__menu bx--overflow-menu"
    floatingMenu={true}
    onClick={[Function]}
    onClose={[Function]}
    onKeyDown={[Function]}
    open={false}
    role="button"
    style={
      Object {
        "position": "absolute",
        "right": "0",
      }
    }
    tabIndex={0}
  >
    <svg
      aria-label="overflow menu icon"
      className="bx--overflow-menu__icon"
      focusable="false"
      height={16}
      onClick={[Function]}
      onKeyDown={[Function]}
      preserveAspectRatio="xMidYMid meet"
      role="img"
      style={
        Object {
          "willChange": "transform",
        }
      }
      viewBox="0 0 16 16"
      width={16}
      xmlns="http://www.w3.org/2000/svg"
    >
      <circle
        cx="8"
        cy="3"
        r="1"
      />
      <circle
        cx="8"
        cy="8"
        r="1"
      />
      <circle
        cx="8"
        cy="13"
        r="1"
      />
      <title>
        overflow menu icon
      </title>
    </svg>
  </div>
  <div
    className="c-workflow-card-info"
  >
    <div
      className="c-workflow-card__icon"
    >
      <img
        alt="icon"
        className="b-workflow-card__icon"
      />
    </div>
    <button
      className="c-workflow-card__description"
      onClick={[Function]}
    >
      <h2
        className="b-workflow-card__name"
      >
        lucas-workflow-3
      </h2>
      <p
        className="b-workflow-card__description"
      />
    </button>
    <div
      className="b-workflow-card-launch"
      data-for="789"
      data-tip={true}
    >
      <div
        onClick={[Function]}
        onKeyPress={[Function]}
        style={
          Object {
            "width": "fit-content",
          }
        }
      >
        <button>
          <img
            alt="Execute workflow"
            className="b-workflow-card-launch__icon"
            src="playButton.svg"
          />
        </button>
      </div>
    </div>
    <div
      className="__react_component_tooltip place-bottom type-dark "
      data-id="tooltip"
      id="789"
    >
      Execute workflow
    </div>
  </div>
</div>
`;
