// Jest Snapshot v1, https://goo.gl/fbAQLP

exports[`TimeProgressBar --- Snapshot Capturing Snapshot of TimeProgressBar 1`] = `
<div
  className="c-time-progress-bar"
>
  <div
    className="b-time-progress-bar"
  >
    <div
      className="b-time-progress-bar__start"
    >
      Start
    </div>
    <div
      className="b-time-progress-bar__finish"
    >
      Finish
    </div>
    <div
      className="b-time-progress-bar__fillers"
    >
      <div
        className="b-time-progress-bar-filler"
        onClick={[Function]}
        style={
          Object {
            "backgroundColor": "#57d785",
            "width": "42%",
            "zIndex": 20,
          }
        }
      >
        <div
          className="b-time-progress-bar-filler__time"
        >
          00:00:02
        </div>
        <div
          className="c-time-progress-bar-filler__info"
        >
          <div
            className="c-time-progress-bar-filler__infos"
          >
            <label
              className="b-time-progress-bar-filler__label"
            >
              Task name:
            </label>
            <label
              className="b-time-progress-bar-filler__label"
            >
              Duration:
            </label>
            <label
              className="b-time-progress-bar-filler__label"
            >
              Status:
            </label>
          </div>
          <div
            className="c-time-progress-bar-filler__infos"
          >
            <label
              className="b-time-progress-bar-filler__info"
            >
              task1
            </label>
            <label
              className="b-time-progress-bar-filler__info"
            >
              2 seconds
            </label>
            <label
              className="b-time-progress-bar-filler__info"
            >
              In Progress
            </label>
          </div>
        </div>
      </div>
      <div
        className="b-time-progress-bar-filler"
        onClick={[Function]}
        style={
          Object {
            "backgroundColor": "#95c4f3",
            "width": "100%",
            "zIndex": 19,
          }
        }
      >
        <div
          className="b-time-progress-bar-filler__time"
        >
          00:00:05
        </div>
        <div
          className="c-time-progress-bar-filler__info"
        >
          <div
            className="c-time-progress-bar-filler__infos"
          >
            <label
              className="b-time-progress-bar-filler__label"
            >
              Task name:
            </label>
            <label
              className="b-time-progress-bar-filler__label"
            >
              Duration:
            </label>
            <label
              className="b-time-progress-bar-filler__label"
            >
              Status:
            </label>
          </div>
          <div
            className="c-time-progress-bar-filler__infos"
          >
            <label
              className="b-time-progress-bar-filler__info"
            >
              task2
            </label>
            <label
              className="b-time-progress-bar-filler__info"
            >
              3 seconds
            </label>
            <label
              className="b-time-progress-bar-filler__info"
            >
              Not Started
            </label>
          </div>
        </div>
      </div>
    </div>
  </div>
</div>
`;
