// Jest Snapshot v1, https://goo.gl/fbAQLP

exports[`TimeProgressBar --- Snapshot Capturing Snapshot of TimeProgressBar 1`] = `
<body>
  <div>
    <div
      class="c-time-progress-bar"
    >
      <div
        class="b-time-progress-bar"
      >
        <div
          class="b-time-progress-bar__start"
        >
          Start
        </div>
        <div
          class="b-time-progress-bar__finish"
        >
          Finish
        </div>
      </div>
    </div>
  </div>
</body>
`;
