// Jest Snapshot v1, https://goo.gl/fbAQLP

exports[`WorkflowSummary --- Snapshot Capturing Snapshot of WorkflowSummary 1`] = `
<div
  className="c-workflow-summary"
>
  <div
    className="s-workflow-summary-title"
  >
    test
  </div>
  <div
    className="c-workflow-summary-details"
  >
    <div
      className="b-workflow-summary-field"
    >
      <div
        className="b-workflow-summary-field__key"
      >
        Description
      </div>
      <div
        className="b-workflow-summary-field__value"
      >
        test
      </div>
    </div>
    <div
      className="b-workflow-summary-field"
    >
      <div
        className="b-workflow-summary-field__key"
      >
        Version
      </div>
      <div
        className="b-workflow-summary-field__value"
      >
        1
      </div>
    </div>
    <div
      className="b-workflow-summary-field"
    >
      <div
        className="b-workflow-summary-field__key"
      >
        Status
      </div>
      <div
        className="b-workflow-summary-field__value"
      >
        Not Started
        <img
          alt="Status "
          className="b-activity-card__status-icon"
          src="pending.svg"
        />
      </div>
    </div>
    <div
      className="b-workflow-summary-field"
    >
      <div
        className="b-workflow-summary-field__key"
      >
        Start Time
      </div>
      <div
        className="b-workflow-summary-field__value"
      >
        Invalid date
      </div>
    </div>
    <div
      className="b-workflow-summary-field"
    >
      <div
        className="b-workflow-summary-field__key"
      >
        Duration
      </div>
      <div
        className="b-workflow-summary-field__value"
      >
        ---
      </div>
    </div>
  </div>
</div>
`;
