// Jest Snapshot v1, https://goo.gl/fbAQLP

exports[`WorkflowsSection --- Snapshot Capturing Snapshot of WorkflowsSection 1`] = `
<body
  id="app"
>
  <div>
    <section
      class="container"
    >
      <div
        class="header"
      >
        <h1
          class="team"
        >
          Lucas' team (0)
        </h1>
        <button>
          <svg
            alt="Import Workflow"
            aria-hidden="true"
            class="importIcon"
            data-for="1234"
            data-tip="true"
            focusable="false"
            height="16"
            preserveAspectRatio="xMidYMid meet"
            style="will-change: transform;"
            viewBox="0 0 16 16"
            width="16"
            xmlns="http://www.w3.org/2000/svg"
          >
            <path
              d="M3 9l.7.7 3.8-3.8V15h1V5.9l3.8 3.8.7-.7-5-5zm0-5V2h10v2h1V2c0-.6-.4-1-1-1H3c-.6 0-1 .4-1 1v2h1z"
            />
          </svg>
        </button>
        <div
          class="__react_component_tooltip place-top type-dark "
          data-id="tooltip"
          id="Lucas' team"
        >
          Import Workflow
        </div>
      </div>
      <div
        class="workflows"
      >
        <button
          class="placeholder"
          id="create-wokflow"
        >
          <div
            class="placeholderBox"
          >
            <svg
              aria-hidden="true"
              class="placeholderPlus"
              focusable="false"
              height="32"
              preserveAspectRatio="xMidYMid meet"
              style="will-change: transform;"
              viewBox="0 0 32 32"
              width="32"
              xmlns="http://www.w3.org/2000/svg"
            >
              <path
                d="M17 15V7h-2v8H7v2h8v8h2v-8h8v-2h-8z"
              />
            </svg>
            <label
              class="placeholderLabel"
              for="create-wokflow"
            >
              Create a new workflow
            </label>
          </div>
        </button>
      </div>
    </section>
  </div>
  <div
    class="ReactModalPortal"
  />
  <div
    class="ReactModalPortal"
  />
</body>
`;
