// Jest Snapshot v1, https://goo.gl/fbAQLP

exports[`Inputs --- Snapshot Test Capturing Snapshot of Inputs 1`] = `
<body
  id="app"
>
  <div>
    <div
      class="c-workflow-inputs"
    >
      <div
        class="b-workflow-input --select"
      >
        <h1
          class="b-workflow-input__name"
        >
          Tim Property
        </h1>
        <dl
          class="b-workflow-input-field"
        >
          <dt
            class="b-workflow-input-field__key"
          >
            Key
          </dt>
          <dd
            class="b-workflow-input-field__value"
          >
            tim.property
          </dd>
        </dl>
        <dl
          class="b-workflow-input-field"
        >
          <dt
            class="b-workflow-input-field__key"
          >
            Description
          </dt>
          <dd
            class="b-workflow-input-field__value"
          >
            Tim property
          </dd>
        </dl>
        <dl
          class="b-workflow-input-field"
        >
          <dt
            class="b-workflow-input-field__key"
          >
            Type
          </dt>
          <dd
            class="b-workflow-input-field__value"
          >
            select
          </dd>
        </dl>
        <dl
          class="b-workflow-input-field"
        >
          <dt
            class="b-workflow-input-field__key"
          >
            Required
          </dt>
          <dd
            class="b-workflow-input-field__value"
          >
            true
          </dd>
        </dl>
        <dl
          class="b-workflow-input-field"
        >
          <dt
            class="b-workflow-input-field__key"
          >
            Default value
          </dt>
          <dd
            class="b-workflow-input-field__value"
          >
            pandas
          </dd>
        </dl>
        <dl
          class="b-workflow-input-field"
        >
          <dt
            class="b-workflow-input-field__key"
          >
            Valid values
          </dt>
          <dd
            class="b-workflow-input-field__value"
          >
            pandas, dogs
          </dd>
        </dl>
        <div>
          <button
            class="b-workflow-input__delete"
          >
            <img
              alt="delete"
              currentitem="false"
              data-for="undefined"
              data-tip="true"
              src="close_black.svg"
            />
            <div
              class="__react_component_tooltip place-top type-dark "
              data-id="tooltip"
              id="undefined"
            >
              Delete Input
            </div>
          </button>
        </div>
        <div>
          <button
            class="b-workflow-input-edit"
          >
            Edit
            <img
              alt="Edit input"
              class="b-workflow-input-edit__pencil"
              src="pencil.svg"
            />
          </button>
        </div>
      </div>
      <div>
        <div
          class="b-workflow-input-create"
        >
          <button
            class="b-workflow-input-create__plus"
          >
            <img
              alt="Create input"
              src="plus.svg"
            />
          </button>
          Create New Property
        </div>
      </div>
    </div>
  </div>
  <div
    class="ReactModalPortal"
  />
  <div
    class="ReactModalPortal"
  />
  <div
    class="ReactModalPortal"
  />
</body>
`;
