// Jest Snapshot v1, https://goo.gl/fbAQLP

exports[`ActivityCard --- Snapshot Capturing Snapshot of ActivityCard 1`] = `
<a
  className="c-activities-card --completed"
  href="/activity/5bd9d8ab7eb44d0001772e64/execution/5bdade3d37dc4700011b06c3"
  onClick={[Function]}
>
  <div
    className="c-activity-card-workflow"
  >
    <div
      className="c-activity-card-section--left"
    >
      <div
        className="c-activity-card__icon"
      >
        <img
          alt="Worklflow icon"
          className="b-activity-card__icon"
          src="flow.svg"
        />
      </div>
      <div
        className="c-activity-card-workflow-info"
      >
        <label
          className="b-activity-card__name"
        >
          Business Process Test
        </label>
        <label
          className="b-activity-card__description"
        >
          file ingestion
        </label>
      </div>
    </div>
    <div
      className="c-activity-card-section--right"
    >
      <div
        className="c-activity-card-execution-info --first"
      >
        <section
          className="b-activity-card__row"
        >
          <p
            className="b-activity-card__label"
          >
            Team
          </p>
          <p
            className="b-activity-card__data"
          >
            Isa's Team
          </p>
        </section>
        <section
          className="b-activity-card__row"
        >
          <p
            className="b-activity-card__label"
          >
            Trigger
          </p>
          <p
            className="b-activity-card__data"
          >
            ---
          </p>
        </section>
        <section
          className="b-activity-card__row"
        >
          <p
            className="b-activity-card__label"
          >
            Initiated by
          </p>
          <p
            className="b-activity-card__data"
          >
            ---
          </p>
        </section>
      </div>
      <div
        className="c-activity-card-execution-info"
      >
        <section
          className="b-activity-card__row"
        >
          <p
            className="b-activity-card__label"
          >
            Start Time
          </p>
          <p
            className="b-activity-card__data"
          >
            2019-01-01 12:00 AM
          </p>
        </section>
        <section
          className="b-activity-card__row"
        >
          <p
            className="b-activity-card__label"
          >
            Duration
          </p>
          <p
            className="b-activity-card__data"
          >
            13 seconds
          </p>
        </section>
        <section
          className="b-activity-card__row"
        >
          <p
            className="b-activity-card__label"
          >
             Status
          </p>
          <p
            className="b-activity-card__data"
          >
            <img
              alt="Status completed"
              className="b-activity-card__status-icon"
              src="passed.svg"
            />
            Succeeded
          </p>
        </section>
      </div>
    </div>
  </div>
</a>
`;
