// Vitest Snapshot v1

exports[`TaskItem --- Snapshot > Capturing Snapshot of TaskItem 1`] = `
<body
  id="app"
>
  <div>
    <li
      class="undefined undefined"
      id="task-515c8b05-ceb0-470a-a58e-b8740b332a6a"
      tabindex="0"
    >
      <div />
      <section>
        <div>
          <svg
            aria-label="completed"
            fill="currentColor"
            focusable="false"
            height="32"
            preserveAspectRatio="xMidYMid meet"
            role="img"
            viewBox="0 0 32 32"
            width="32"
            xmlns="http://www.w3.org/2000/svg"
          >
            <path
              d="M14 21.414L9 16.413 10.413 15 14 18.586 21.585 11 23 12.415 14 21.414z"
            />
            <path
              d="M16,2A14,14,0,1,0,30,16,14,14,0,0,0,16,2Zm0,26A12,12,0,1,1,28,16,12,12,0,0,1,16,28Z"
            />
          </svg>
          <p
            data-testid="taskitem-name"
            title="Send Slack Message"
          >
            Send Slack Message
          </p>
        </div>
        <div
          class="undefined undefined"
        >
          <svg
            aria-label="completed"
            fill="currentColor"
            focusable="false"
            height="32"
            preserveAspectRatio="xMidYMid meet"
            role="img"
            viewBox="0 0 32 32"
            width="32"
            xmlns="http://www.w3.org/2000/svg"
          >
            <path
              d="M14 21.414L9 16.413 10.413 15 14 18.586 21.585 11 23 12.415 14 21.414z"
            />
            <path
              d="M16,2A14,14,0,1,0,30,16,14,14,0,0,0,16,2Zm0,26A12,12,0,1,1,28,16,12,12,0,0,1,16,28Z"
            />
          </svg>
          <p>
            Succeeded
          </p>
        </div>
      </section>
      <section>
        <div>
          <p>
            Start time
          </p>
          <time>
            03:00:00 PM
          </time>
        </div>
        <div>
          <p>
            Duration
          </p>
          <time>
            5 mins
          </time>
        </div>
      </section>
      <section />
    </li>
  </div>
</body>
`;
