// Jest Snapshot v1, https://goo.gl/fbAQLP

exports[`WorkflowInsights --- Snapshot Capturing Snapshot of WorkflowInsights 1`] = `
<div
  className="c-workflow-insights"
>
  <nav
    className="s-workflow-insights-navigation"
  >
    <NavigateBack
      text="Back to Workflows"
      to="/workflows"
    />
  </nav>
  <div
    className="c-workflow-insights-header"
  >
    <div
      className="bx--dropdown__wrapper bx--list-box__wrapper"
    >
      <div
        className="bx--dropdown bx--list-box"
        onClick={[Function]}
        onKeyDown={[Function]}
        role="listbox"
        tabIndex="-1"
      >
        <div
          aria-controls={null}
          aria-disabled={false}
          aria-expanded={false}
          aria-haspopup={true}
          aria-label="Open menu"
          aria-owns={null}
          className="bx--list-box__field"
          data-toggle={true}
          onBlur={[Function]}
          onClick={[Function]}
          onKeyDown={[Function]}
          role="button"
          tabIndex="0"
          type="button"
        >
          <span
            className="bx--list-box__label"
            htmlFor="downshift-0-input"
          >
            All Teams
          </span>
          <div
            className="bx--list-box__menu-icon"
          >
            <svg
              aria-label="Open menu"
              focusable="false"
              height={16}
              name="chevron--down"
              preserveAspectRatio="xMidYMid meet"
              role="img"
              style={
                Object {
                  "willChange": "transform",
                }
              }
              viewBox="0 0 16 16"
              width={16}
              xmlns="http://www.w3.org/2000/svg"
            >
              <path
                d="M8 11L3 6l.7-.7L8 9.6l4.3-4.3.7.7z"
              />
              <title>
                Open menu
              </title>
            </svg>
          </div>
        </div>
      </div>
    </div>
    <div
      className="bx--dropdown__wrapper bx--list-box__wrapper"
    >
      <div
        className="bx--dropdown bx--list-box"
        onClick={[Function]}
        onKeyDown={[Function]}
        role="listbox"
        tabIndex="-1"
      >
        <div
          aria-controls={null}
          aria-disabled={false}
          aria-expanded={false}
          aria-haspopup={true}
          aria-label="Open menu"
          aria-owns={null}
          className="bx--list-box__field"
          data-toggle={true}
          onBlur={[Function]}
          onClick={[Function]}
          onKeyDown={[Function]}
          role="button"
          tabIndex="0"
          type="button"
        >
          <span
            className="bx--list-box__label"
            htmlFor="downshift-1-input"
          >
            All Workflows
          </span>
          <div
            className="bx--list-box__menu-icon"
          >
            <svg
              aria-label="Open menu"
              focusable="false"
              height={16}
              name="chevron--down"
              preserveAspectRatio="xMidYMid meet"
              role="img"
              style={
                Object {
                  "willChange": "transform",
                }
              }
              viewBox="0 0 16 16"
              width={16}
              xmlns="http://www.w3.org/2000/svg"
            >
              <path
                d="M8 11L3 6l.7-.7L8 9.6l4.3-4.3.7.7z"
              />
              <title>
                Open menu
              </title>
            </svg>
          </div>
        </div>
      </div>
    </div>
    <div
      className="bx--dropdown__wrapper bx--list-box__wrapper"
    >
      <div
        className="bx--dropdown bx--list-box"
        onClick={[Function]}
        onKeyDown={[Function]}
        role="listbox"
        tabIndex="-1"
      >
        <div
          aria-controls={null}
          aria-disabled={false}
          aria-expanded={false}
          aria-haspopup={true}
          aria-label="Open menu"
          aria-owns={null}
          className="bx--list-box__field"
          data-toggle={true}
          onBlur={[Function]}
          onClick={[Function]}
          onKeyDown={[Function]}
          role="button"
          tabIndex="0"
          type="button"
        >
          <span
            className="bx--list-box__label"
            htmlFor="downshift-2-input"
          >
            3 months
          </span>
          <div
            className="bx--list-box__menu-icon"
          >
            <svg
              aria-label="Open menu"
              focusable="false"
              height={16}
              name="chevron--down"
              preserveAspectRatio="xMidYMid meet"
              role="img"
              style={
                Object {
                  "willChange": "transform",
                }
              }
              viewBox="0 0 16 16"
              width={16}
              xmlns="http://www.w3.org/2000/svg"
            >
              <path
                d="M8 11L3 6l.7-.7L8 9.6l4.3-4.3.7.7z"
              />
              <title>
                Open menu
              </title>
            </svg>
          </div>
        </div>
      </div>
    </div>
  </div>
  <div
    className="c-workflow-insights-stats-widgets"
  >
    <WidgetCard
      title="Total Executed"
      type="stat"
    >
      <p
        className="b-workflow-insights__stats-label --no-data"
      >
        No Data
      </p>
    </WidgetCard>
    <WidgetCard
      title="Median Duration"
      type="stat"
    >
      <p
        className="b-workflow-insights__stats-label --no-data"
      >
        No Data
      </p>
    </WidgetCard>
    <WidgetCard
      title="Success Rate"
      type="stat"
    >
      <p
        className="b-workflow-insights__stats-label --no-data"
      >
        No Data
      </p>
    </WidgetCard>
  </div>
  <div
    className="c-workflow-insights-graphs-widgets"
  >
    <WidgetCard
      title="Executions"
      type="graph"
    >
      <p
        className="b-workflow-insights__graphs-label --no-data"
      >
        No Data
      </p>
    </WidgetCard>
    <WidgetCard
      title="Execution Time"
      type="graph"
    >
      <p
        className="b-workflow-insights__graphs-label --no-data"
      >
        No Data
      </p>
    </WidgetCard>
  </div>
</div>
`;
