// Jest Snapshot v1, https://goo.gl/fbAQLP

exports[`WorkflowInsights --- Snapshot Capturing Snapshot of WorkflowInsights 1`] = `
<div
  className="c-workflow-insights"
>
  <nav
    className="s-workflow-insights-navigation"
  >
    <NavigateBack
      text="Back to Workflows"
      to="/workflows"
    />
  </nav>
  <div
    className="c-workflow-insights-header"
  >
    <div
      className="c-simple-select-filter"
    >
      <div
        className="bx--form-item"
      >
        <div
          className="bx--select"
        >
          <label
            className="bx--label bx--visually-hidden"
          >
            Select
          </label>
          <select
            className="bx--select-input"
            defaultValue="none"
            onChange={[Function]}
            useTitleInItem={false}
          >
            <option
              className="bx--select-option"
              disabled={false}
              hidden={false}
              value="none"
            >
              All teams
            </option>
          </select>
          <svg
            alt="open list of options"
            aria-label="open list of options"
            className="bx--select__arrow"
            fillRule="evenodd"
            height="5"
            role="img"
            viewBox="0 0 10 5"
            width="10"
          >
            <title>
              open list of options
            </title>
            <path
              d="M0 0l5 4.998L10 0z"
            />
          </svg>
        </div>
      </div>
    </div>
    <div
      className="b-search-filter"
    >
      <div
        className="b-search-filter__search"
      />
      <div
        className="b-search-filter__filter"
      >
        <div
          className="bx--form-item"
        >
          <div
            className="bx--select"
          >
            <label
              className="bx--label bx--visually-hidden"
            >
              Select
            </label>
            <select
              className="bx--select-input"
              defaultValue="none"
              onChange={[Function]}
              useTitleInItem={false}
            >
              <option
                className="bx--select-option"
                disabled={false}
                hidden={false}
                value="none"
              >
                All workflows
              </option>
            </select>
            <svg
              alt="open list of options"
              aria-label="open list of options"
              className="bx--select__arrow"
              fillRule="evenodd"
              height="5"
              role="img"
              viewBox="0 0 10 5"
              width="10"
            >
              <title>
                open list of options
              </title>
              <path
                d="M0 0l5 4.998L10 0z"
              />
            </svg>
          </div>
        </div>
      </div>
    </div>
    <div
      className="c-simple-select-filter"
    >
      <div
        className="bx--form-item"
      >
        <div
          className="bx--select"
        >
          <label
            className="bx--label bx--visually-hidden"
          >
            Select
          </label>
          <select
            className="bx--select-input"
            defaultValue={92}
            onChange={[Function]}
            useTitleInItem={false}
          >
            <option
              className="bx--select-option"
              disabled={false}
              hidden={false}
              value={1}
            >
              1 day
            </option>
            <option
              className="bx--select-option"
              disabled={false}
              hidden={false}
              value={7}
            >
              1 week
            </option>
            <option
              className="bx--select-option"
              disabled={false}
              hidden={false}
              value={31}
            >
              1 month
            </option>
            <option
              className="bx--select-option"
              disabled={false}
              hidden={false}
              value={92}
            >
              3 months
            </option>
          </select>
          <svg
            alt="open list of options"
            aria-label="open list of options"
            className="bx--select__arrow"
            fillRule="evenodd"
            height="5"
            role="img"
            viewBox="0 0 10 5"
            width="10"
          >
            <title>
              open list of options
            </title>
            <path
              d="M0 0l5 4.998L10 0z"
            />
          </svg>
        </div>
      </div>
    </div>
  </div>
  <div
    className="c-workflow-insights-stats-widgets"
  >
    <div
      className="b-widget-card --stat"
    >
      <div
        className="b-widget-card__title"
      >
        Total Executed
      </div>
      <div
        className="b-widget-card__content"
      >
        <label
          className="b-workflow-insights__stats-label --no-data"
        >
          No Data
        </label>
      </div>
    </div>
    <div
      className="b-widget-card --stat"
    >
      <div
        className="b-widget-card__title"
      >
        Median Duration
      </div>
      <div
        className="b-widget-card__content"
      >
        <label
          className="b-workflow-insights__stats-label --no-data"
        >
          No Data
        </label>
      </div>
    </div>
    <div
      className="b-widget-card --stat"
    >
      <div
        className="b-widget-card__title"
      >
        Success Rate
      </div>
      <div
        className="b-widget-card__content"
      >
        <label
          className="b-workflow-insights__stats-label --no-data"
        >
          No Data
        </label>
      </div>
    </div>
  </div>
  <div
    className="c-workflow-insights-graphs-widgets"
  >
    <div
      className="b-widget-card --graph"
    >
      <div
        className="b-widget-card__title"
      >
        Executions
      </div>
      <div
        className="b-widget-card__content"
      >
        <label
          className="b-workflow-insights__graphs-label --no-data"
        >
          No Data
        </label>
      </div>
    </div>
    <div
      className="b-widget-card --graph"
    >
      <div
        className="b-widget-card__title"
      >
        Execution Time
      </div>
      <div
        className="b-widget-card__content"
      >
        <label
          className="b-workflow-insights__graphs-label --no-data"
        >
          No Data
        </label>
      </div>
    </div>
  </div>
</div>
`;
