// Jest Snapshot v1, https://goo.gl/fbAQLP

exports[`WorkflowInsights --- Snapshot Capturing Snapshot of WorkflowInsights 1`] = `
<div
  className="c-workflow-insights"
>
  <nav
    className="s-workflow-insights-navigation"
  >
    <NavigateBack
      text="Back to Workflows"
      to="/workflows"
    />
  </nav>
  <div
    className="c-workflow-insights-header"
  >
    <div
      aria-label="Choose an item"
      className="bx--dropdown bx--list-box"
      onClick={[Function]}
      onKeyDown={[Function]}
      role="listbox"
      tabIndex={null}
    >
      <div
        aria-expanded={false}
        aria-haspopup={true}
        aria-label="open menu"
        className="bx--list-box__field"
        data-toggle={true}
        disabled={false}
        onBlur={[Function]}
        onClick={[Function]}
        onKeyDown={[Function]}
        role="button"
        tabIndex="0"
        type="button"
      >
        <span
          className="bx--list-box__label"
          htmlFor="downshift-0-input"
        >
          All Teams
        </span>
        <div
          className="bx--list-box__menu-icon"
        >
          <svg
            alt="Open menu"
            aria-label="Open menu"
            fillRule="evenodd"
            focusable="false"
            height="5"
            role="img"
            viewBox="0 0 10 5"
            width="10"
          >
            <title>
              Open menu
            </title>
            <path
              d="M0 0l5 4.998L10 0z"
            />
          </svg>
        </div>
      </div>
    </div>
    <div
      aria-label="Choose an item"
      className="bx--dropdown bx--list-box"
      onClick={[Function]}
      onKeyDown={[Function]}
      role="listbox"
      tabIndex={null}
    >
      <div
        aria-expanded={false}
        aria-haspopup={true}
        aria-label="open menu"
        className="bx--list-box__field"
        data-toggle={true}
        disabled={false}
        onBlur={[Function]}
        onClick={[Function]}
        onKeyDown={[Function]}
        role="button"
        tabIndex="0"
        type="button"
      >
        <span
          className="bx--list-box__label"
          htmlFor="downshift-1-input"
        >
          All Workflows
        </span>
        <div
          className="bx--list-box__menu-icon"
        >
          <svg
            alt="Open menu"
            aria-label="Open menu"
            fillRule="evenodd"
            focusable="false"
            height="5"
            role="img"
            viewBox="0 0 10 5"
            width="10"
          >
            <title>
              Open menu
            </title>
            <path
              d="M0 0l5 4.998L10 0z"
            />
          </svg>
        </div>
      </div>
    </div>
    <div
      aria-label="Choose an item"
      className="bx--dropdown bx--list-box"
      onClick={[Function]}
      onKeyDown={[Function]}
      role="listbox"
      tabIndex={null}
    >
      <div
        aria-expanded={false}
        aria-haspopup={true}
        aria-label="open menu"
        className="bx--list-box__field"
        data-toggle={true}
        disabled={false}
        onBlur={[Function]}
        onClick={[Function]}
        onKeyDown={[Function]}
        role="button"
        tabIndex="0"
        type="button"
      >
        <span
          className="bx--list-box__label"
          htmlFor="downshift-2-input"
        >
          3 months
        </span>
        <div
          className="bx--list-box__menu-icon"
        >
          <svg
            alt="Open menu"
            aria-label="Open menu"
            fillRule="evenodd"
            focusable="false"
            height="5"
            role="img"
            viewBox="0 0 10 5"
            width="10"
          >
            <title>
              Open menu
            </title>
            <path
              d="M0 0l5 4.998L10 0z"
            />
          </svg>
        </div>
      </div>
    </div>
  </div>
  <div
    className="c-workflow-insights-stats-widgets"
  >
    <WidgetCard
      title="Total Executed"
      type="stat"
    >
      <p
        className="b-workflow-insights__stats-label --no-data"
      >
        No Data
      </p>
    </WidgetCard>
    <WidgetCard
      title="Median Duration"
      type="stat"
    >
      <p
        className="b-workflow-insights__stats-label --no-data"
      >
        No Data
      </p>
    </WidgetCard>
    <WidgetCard
      title="Success Rate"
      type="stat"
    >
      <p
        className="b-workflow-insights__stats-label --no-data"
      >
        No Data
      </p>
    </WidgetCard>
  </div>
  <div
    className="c-workflow-insights-graphs-widgets"
  >
    <WidgetCard
      title="Executions"
      type="graph"
    >
      <p
        className="b-workflow-insights__graphs-label --no-data"
      >
        No Data
      </p>
    </WidgetCard>
    <WidgetCard
      title="Execution Time"
      type="graph"
    >
      <p
        className="b-workflow-insights__graphs-label --no-data"
      >
        No Data
      </p>
    </WidgetCard>
  </div>
</div>
`;
