// Jest Snapshot v1, https://goo.gl/fbAQLP

exports[`Overview --- Snapshot +++ renders correctly 1`] = `
<div
  className="c-worklfow-overview"
>
  <div
    className="c-overview-card"
  >
    <h1
      className="s-general-info-title"
    >
      General
    </h1>
    <SelectDropdown
      noResultsText="No options entered"
      onChange={[Function]}
      options={
        Array [
          Object {
            "label": "Lucas' team",
            "value": "1234",
          },
        ]
      }
      placeholder="Select a team"
      styles={
        Object {
          "marginBottom": "2rem",
        }
      }
      theme="bmrg-white"
      title="Team"
      value={
        Object {
          "label": "Lucas' team",
          "value": "1234",
        }
      }
    />
    <TextInput
      alwaysShowTitle={true}
      externallyControlled={true}
      maxChar={64}
      maxCharText="Name must not be greater than 64 characters"
      name="name"
      noValueText="Enter a name"
      onChange={[Function]}
      placeholder="Name"
      required={true}
      theme="bmrg-white"
      title="Name"
      value=""
    />
    <TextInput
      alwaysShowTitle={true}
      externallyControlled={true}
      maxChar={128}
      maxCharText="Summary must not be greater than 128 characters"
      name="shortDescription"
      onChange={[Function]}
      placeholder="Summary"
      theme="bmrg-white"
      title="Summary"
      value=""
    />
    <TextArea
      alwaysShowTitle={true}
      externallyControlled={true}
      handleChange={[Function]}
      maxChar={256}
      maxCharText="Description must not be greater than 256 characters"
      name="description"
      placeholder="Description"
      theme="bmrg-white"
      title="Description"
      value=""
    />
    <h2
      className="s-workflow-icons-title"
    >
      Icon
    </h2>
    <ul
      className="b-workflow-icons"
    >
      <li>
        <img
          alt="docs icon"
          className="b-workflow-icons__icon"
          onClick={[Function]}
          src="document_32.svg"
        />
      </li>
      <li>
        <img
          alt="secure icon"
          className="b-workflow-icons__icon"
          onClick={[Function]}
          src="secure.svg"
        />
      </li>
      <li>
        <img
          alt="flow icon"
          className="b-workflow-icons__icon"
          onClick={[Function]}
          src="flow.svg"
        />
      </li>
      <li>
        <img
          alt="log icon"
          className="b-workflow-icons__icon"
          onClick={[Function]}
          src="log.svg"
        />
      </li>
      <li>
        <img
          alt="payment icon"
          className="b-workflow-icons__icon"
          onClick={[Function]}
          src="payment.svg"
        />
      </li>
      <li>
        <img
          alt="diagram icon"
          className="b-workflow-icons__icon"
          onClick={[Function]}
          src="diagram.svg"
        />
      </li>
      <li>
        <img
          alt="utility icon"
          className="b-workflow-icons__icon"
          onClick={[Function]}
          src="utility.svg"
        />
      </li>
      <li>
        <img
          alt="template icon"
          className="b-workflow-icons__icon"
          onClick={[Function]}
          src="template.svg"
        />
      </li>
    </ul>
  </div>
  <div
    className="c-overview-card"
  >
    <h1
      className="s-trigger-title"
    >
      Triggers
    </h1>
    <div
      className="c-webhook"
    >
      <form
        className="b-webhook"
      >
        <label
          className="b-webhook__title"
          id="toggle-webhook"
        >
          Enable Webhook
        </label>
        <Toggle
          aria-labelledby="toggle-webhook"
          checked={false}
          className="b-webhook__toggle"
          name="webhook"
          onChange={[Function]}
          theme="bmrg-white"
        />
        <img
          alt="Toggle webhook"
          className="b-options__infoIcon"
          data-for="triggers-webhook-info"
          data-tip={true}
          src="info.svg"
        />
        <Tooltip
          id="triggers-webhook-info"
          place="top"
        >
          Enable workflow to be executed by a webhook
        </Tooltip>
      </form>
      
      <div
        className="c-scheduler"
      >
        <div
          className="b-schedule"
        >
          <label
            className="b-schedule__title"
            id="toggle-scheduler"
          >
            Enable Scheduler
          </label>
          <Toggle
            aria-labelledby="toggle-scheduler"
            checked={false}
            className="b-schedule__toggle"
            name="schedule"
            onChange={[Function]}
            theme="bmrg-white"
          />
          <img
            alt="Toggle scheduler"
            className="b-options__infoIcon"
            data-for="triggers-scheduler-info"
            data-tip={true}
            src="info.svg"
          />
          <Tooltip
            id="triggers-scheduler-info"
            place="top"
          >
            Enable workflow to be executed by a schedule
          </Tooltip>
        </div>
        <div
          className="b-schedule__cronMessage"
        />
        <div
          className="b-schedule__timezone"
        />
      </div>
    </div>
  </div>
  <div
    className="c-overview-card"
  >
    <h1
      className="s-trigger-title"
    >
      Options
    </h1>
    <div
      className="b-options"
    >
      <form
        className="b-persistence"
      >
        <label
          className="b-persistence__title"
          id="toggle-persistence-storage"
        >
          Enable Persistent Storage
        </label>
        <Toggle
          aria-labelledby="toggle-persistence-storage"
          className="b-persistence__toggle"
          name="persistence"
          onChange={[Function]}
          theme="bmrg-white"
        />
        <img
          alt="Toggle persistence"
          className="b-options__infoIcon"
          data-for="options-persistence-info"
          data-tip={true}
          src="info.svg"
        />
        <Tooltip
          id="options-persistence-info"
          place="top"
        >
          Persist workflow data between executions
        </Tooltip>
      </form>
    </div>
  </div>
</div>
`;
