// Jest Snapshot v1, https://goo.gl/fbAQLP

exports[`User Detailed - PlatformRoleModal --- Snapshot +++ renders correctly 1`] = `
<body
  id="app"
>
  <div>
    <form
      class="bx--bmrg-modal-flow-form"
    >
      <div
        class="bx--modal-content"
      >
        <div
          class="gridContainer"
        >
          <div
            class="bx--form-item"
          >
            <div
              class="bx--radio-button-group bx--radio-button-group--vertical bx--radio-button-group--label-right"
            >
              <div
                class="bx--radio-button-wrapper"
              >
                <input
                  checked=""
                  class="bx--radio-button"
                  id="platform-role-admin"
                  name="platform-role"
                  type="radio"
                  value="admin"
                />
                <label
                  class="bx--radio-button__label"
                  for="platform-role-admin"
                >
                  <span
                    class="bx--radio-button__appearance"
                  />
                  <span
                    class=""
                  >
                    admin
                  </span>
                </label>
              </div>
              <div
                class="bx--radio-button-wrapper"
              >
                <input
                  class="bx--radio-button"
                  id="platform-role-auditor"
                  name="platform-role"
                  type="radio"
                  value="auditor"
                />
                <label
                  class="bx--radio-button__label"
                  for="platform-role-auditor"
                >
                  <span
                    class="bx--radio-button__appearance"
                  />
                  <span
                    class=""
                  >
                    auditor
                  </span>
                </label>
              </div>
              <div
                class="bx--radio-button-wrapper"
              >
                <input
                  class="bx--radio-button"
                  id="platform-role-operator"
                  name="platform-role"
                  type="radio"
                  value="operator"
                />
                <label
                  class="bx--radio-button__label"
                  for="platform-role-operator"
                >
                  <span
                    class="bx--radio-button__appearance"
                  />
                  <span
                    class=""
                  >
                    operator
                  </span>
                </label>
              </div>
              <div
                class="bx--radio-button-wrapper"
              >
                <input
                  class="bx--radio-button"
                  id="platform-role-user"
                  name="platform-role"
                  type="radio"
                  value="user"
                />
                <label
                  class="bx--radio-button__label"
                  for="platform-role-user"
                >
                  <span
                    class="bx--radio-button__appearance"
                  />
                  <span
                    class=""
                  >
                    user
                  </span>
                </label>
              </div>
            </div>
          </div>
        </div>
      </div>
      <div
        class="bx--modal-footer"
      >
        <button
          class="bx--btn bx--btn--secondary"
          tabindex="0"
          type="button"
        >
          Cancel
        </button>
        <button
          class="bx--btn bx--btn--primary bx--btn--disabled"
          disabled=""
          tabindex="0"
          type="submit"
        >
          Submit
        </button>
      </div>
    </form>
  </div>
</body>
`;
