// Vitest Snapshot v1

exports[`ExecutionHeader --- Snapshot > Capturing Snapshot of ExecutionHeader 1`] = `
<body
  id="app"
>
  <div>
    <header
      class="cds--bmrg-feature-header _container_58bfae --bordered"
    >
      <section
        class="cds--bmrg-feature-header__content"
      >
        <div
          class="cds--bmrg-feature-header__nav"
        >
          <div
            class="_headerNav_58bfae"
          >
            <nav
              aria-label="Breadcrumb"
            >
              <ol
                class="cds--breadcrumb cds--breadcrumb--no-trailing-slash"
              >
                <li
                  class="cds--breadcrumb-item"
                >
                  <a
                    class="cds--link"
                    href="/activity"
                  >
                    Activity
                  </a>
                </li>
                <li
                  class="cds--breadcrumb-item cds--breadcrumb-item--current"
                >
                  <p
                    class="cds--link"
                  >
                    Sparkle Flow with extra glitter and donuts on the side
                  </p>
                </li>
              </ol>
            </nav>
            <button
              class="_workflowAdvancedDetailTrigger_58bfae"
            >
              <svg
                aria-hidden="true"
                fill="currentColor"
                focusable="false"
                height="16"
                preserveAspectRatio="xMidYMid meet"
                viewBox="0 0 32 32"
                width="16"
                xmlns="http://www.w3.org/2000/svg"
              >
                <path
                  d="M26,2H8A2,2,0,0,0,6,4V8H4v2H6v5H4v2H6v5H4v2H6v4a2,2,0,0,0,2,2H26a2,2,0,0,0,2-2V4A2,2,0,0,0,26,2Zm0,26H8V24h2V22H8V17h2V15H8V10h2V8H8V4H26Z"
                />
                <path
                  d="M14 8H22V10H14zM14 15H22V17H14zM14 22H22V24H14z"
                />
              </svg>
            </button>
          </div>
        </div>
        <div
          class="cds--bmrg-feature-header__header"
        >
          <div
            style="display: flex;"
          >
            <h1
              class="cds--bmrg-feature-header-title"
            >
              Workflow run detail
            </h1>
          </div>
        </div>
      </section>
      <div
        class="_content_58bfae"
      >
        <dl
          class="_data_58bfae"
        >
          <dt
            class="_dataTitle_58bfae"
          >
            Team
          </dt>
          <dd
            class="_dataValue_58bfae"
          >
            CAI Offerings
          </dd>
        </dl>
        <dl
          class="_data_58bfae"
        >
          <dt
            class="_dataTitle_58bfae"
          >
            Version
          </dt>
          <dd
            class="_dataValue_58bfae"
          >
            ---
          </dd>
        </dl>
        <dl
          class="_data_58bfae"
        >
          <dt
            class="_dataTitle_58bfae"
          >
            Initiated by
          </dt>
          <dd
            class="_dataValue_58bfae"
          >
            Tim Bula
          </dd>
        </dl>
        <dl
          class="_data_58bfae"
        >
          <dt
            class="_dataTitle_58bfae"
          >
            Trigger
          </dt>
          <dd
            class="_dataValue_58bfae"
          >
            manual
          </dd>
        </dl>
        <dl
          class="_data_58bfae"
        >
          <dt
            class="_dataTitle_58bfae"
          >
            Start time
          </dt>
          <dd
            class="_dataValue_58bfae"
          >
            2019-09-03 03:00 PM
          </dd>
        </dl>
        <dl
          class="_dataButton_58bfae"
        />
      </div>
    </header>
  </div>
  <div
    class="cds--bmrg-modal-portal"
  />
</body>
`;
