// Jest Snapshot v1, https://goo.gl/fbAQLP

exports[`WorkflowsHome --- Snapshot Capturing Snapshot of WorkflowsHome 1`] = `
<body
  id="app"
>
  <div>
    <div
      class="container"
    >
      <section
        class="closeHideButtons"
      >
        <button
          class="closeButton"
        >
          <svg
            aria-label="close"
            class="closeIcon"
            fill="currentColor"
            focusable="false"
            height="32"
            preserveAspectRatio="xMidYMid meet"
            role="img"
            viewBox="0 0 32 32"
            width="32"
            xmlns="http://www.w3.org/2000/svg"
          >
            <path
              d="M24 9.4L22.6 8 16 14.6 9.4 8 8 9.4 14.6 16 8 22.6 9.4 24 16 17.4 22.6 24 24 22.6 17.4 16 24 9.4z"
            />
          </svg>
          <p
            class="closeText"
          >
            Don't show again
          </p>
        </button>
        <button
          class="collapseButton"
        >
          <p
            class="collapseText"
          >
            Collapse
          </p>
          <svg
            aria-label="collapse"
            class="collapseIcon"
            fill="currentColor"
            focusable="false"
            height="32"
            preserveAspectRatio="xMidYMid meet"
            role="img"
            viewBox="0 0 32 32"
            width="32"
            xmlns="http://www.w3.org/2000/svg"
          >
            <path
              d="M16 10L26 20 24.6 21.4 16 12.8 7.4 21.4 6 20z"
            />
          </svg>
        </button>
      </section>
      <div
        class="content"
      >
        <h1
          class="title"
        >
          Welcome to your Workflows
        </h1>
        <p
          class="subtitle"
        >
          Turn ideation into Automation
        </p>
        <div
          class="buttons"
        >
          <button
            class="button"
          >
            <p
              class="buttonText"
            >
              Learn the basics
            </p>
          </button>
          <a
            class="button"
            href="slack://channel?team=T27TLPNS1&id=CFKN6FJD6"
            tabindex="0"
          >
            <p
              class="buttonText"
            >
              Slack us feedback
            </p>
          </a>
        </div>
      </div>
    </div>
    <div
      class="container"
    >
      <header
        class="bx--bmrg-feature-header container"
      >
        <section
          class="bx--bmrg-feature-header__content"
        >
          <div
            class="bx--bmrg-feature-header__header"
          >
            <p
              class="bx--bmrg-feature-header-title"
            >
              These are your
            </p>
            <h1
              class="bx--bmrg-feature-header-title"
            >
              Team Workflows (4)
            </h1>
          </div>
          <div
            class="bx--bmrg-feature-header__footer"
          >
            <nav
              class="bx--bmrg-feature-nav-tabs"
            >
              <a
                class="bx--bmrg-feature-nav-tab"
                href="/workflows/mine"
              >
                My Workflows
              </a>
              <a
                aria-current="page"
                class="bx--bmrg-feature-nav-tab bx--bmrg-feature-nav-tab--active"
                href="/workflows/teams"
              >
                Team Workflows
              </a>
            </nav>
          </div>
        </section>
        <div
          class="filterContainer"
        >
          <button
            class="bx--btn bx--btn--field bx--btn--ghost"
            data-testid="workflows-create-workflow-template-button"
            tabindex="0"
            type="button"
          >
            <svg
              aria-hidden="true"
              class="addIcon"
              fill="currentColor"
              focusable="false"
              height="32"
              preserveAspectRatio="xMidYMid meet"
              viewBox="0 0 32 32"
              width="32"
              xmlns="http://www.w3.org/2000/svg"
            >
              <path
                d="M26 6v4H6V6H26m0-2H6A2 2 0 004 6v4a2 2 0 002 2H26a2 2 0 002-2V6a2 2 0 00-2-2zM10 16V26H6V16h4m0-2H6a2 2 0 00-2 2V26a2 2 0 002 2h4a2 2 0 002-2V16a2 2 0 00-2-2zM26 16V26H16V16H26m0-2H16a2 2 0 00-2 2V26a2 2 0 002 2H26a2 2 0 002-2V16a2 2 0 00-2-2z"
              />
            </svg>
            <p
              class="text"
            >
              Templates
            </p>
            <svg
              aria-hidden="true"
              class="bx--btn__icon"
              fill="currentColor"
              focusable="false"
              height="32"
              preserveAspectRatio="xMidYMid meet"
              viewBox="0 0 32 32"
              width="32"
              xmlns="http://www.w3.org/2000/svg"
            >
              <path
                d="M17 15L17 8 15 8 15 15 8 15 8 17 15 17 15 24 17 24 17 17 24 17 24 15z"
              />
            </svg>
          </button>
          <div
            class="search"
          >
            <div
              aria-labelledby="search-team-workflows-search"
              class="bx--search bx--search--xl"
              role="search"
            >
              <svg
                aria-hidden="true"
                class="bx--search-magnifier"
                fill="currentColor"
                focusable="false"
                height="16"
                preserveAspectRatio="xMidYMid meet"
                viewBox="0 0 16 16"
                width="16"
                xmlns="http://www.w3.org/2000/svg"
              >
                <path
                  d="M15,14.3L10.7,10c1.9-2.3,1.6-5.8-0.7-7.7S4.2,0.7,2.3,3S0.7,8.8,3,10.7c2,1.7,5,1.7,7,0l4.3,4.3L15,14.3z M2,6.5	C2,4,4,2,6.5,2S11,4,11,6.5S9,11,6.5,11S2,9,2,6.5z"
                />
              </svg>
              <label
                class="bx--label"
                for="search-team-workflows"
                id="search-team-workflows-search"
              >
                Search for a workflow
              </label>
              <input
                autocomplete="off"
                class="bx--search-input"
                data-testid="workflows-team-search"
                id="search-team-workflows"
                placeholder="Search for a workflow"
                role="searchbox"
                type="text"
                value=""
              />
              <button
                aria-label="Clear search input"
                class="bx--search-close bx--search-close--hidden"
                type="button"
              >
                <svg
                  aria-hidden="true"
                  fill="currentColor"
                  focusable="false"
                  height="16"
                  preserveAspectRatio="xMidYMid meet"
                  viewBox="0 0 32 32"
                  width="16"
                  xmlns="http://www.w3.org/2000/svg"
                >
                  <path
                    d="M24 9.4L22.6 8 16 14.6 9.4 8 8 9.4 14.6 16 8 22.6 9.4 24 16 17.4 22.6 24 24 22.6 17.4 16 24 9.4z"
                  />
                </svg>
              </button>
            </div>
          </div>
          <div
            class="filter"
          >
            <div
              class="bx--multi-select__wrapper bx--list-box__wrapper"
            >
              <label
                class="bx--label"
                for="b-search-filter__filter"
                id="b-search-filter__filter-label"
              >
                Filter by team
              </label>
              <div
                aria-expanded="false"
                aria-haspopup="listbox"
                aria-labelledby="b-search-filter__filter-label"
                class="bx--multi-select bx--combo-box bx--multi-select--filterable bx--list-box"
                role="combobox"
              >
                <div
                  aria-haspopup="true"
                  aria-labelledby="b-search-filter__filter-label"
                  class="bx--list-box__field"
                  data-toggle="true"
                  id="b-search-filter__filter"
                  role="button"
                  tabindex="-1"
                  type="button"
                >
                  <input
                    aria-autocomplete="list"
                    aria-labelledby="b-search-filter__filter-label"
                    autocomplete="off"
                    class="bx--text-input bx--text-input--empty"
                    id="b-search-filter__filter-input"
                    placeholder="Choose a team"
                    value=""
                  />
                  
                  <div
                    class="bx--list-box__menu-icon"
                  >
                    <svg
                      aria-label="Open menu"
                      fill="currentColor"
                      focusable="false"
                      height="16"
                      name="chevron--down"
                      preserveAspectRatio="xMidYMid meet"
                      role="img"
                      viewBox="0 0 16 16"
                      width="16"
                      xmlns="http://www.w3.org/2000/svg"
                    >
                      <path
                        d="M8 11L3 6 3.7 5.3 8 9.6 12.3 5.3 13 6z"
                      />
                      <title>
                        Open menu
                      </title>
                    </svg>
                  </div>
                </div>
              </div>
            </div>
          </div>
        </div>
      </header>
      <div
        aria-label="My Workflows"
        class="content"
        role="region"
      >
        <section
          class="sectionContainer"
        >
          <hgroup
            class="header"
          >
            <h1
              class="team"
            >
              IBM Services Engineering (3)
            </h1>
            <div
              class="teamQuotaContainer"
            >
              <div
                class="quotaDescriptionContainer"
              >
                <p
                  class="teamQuotaText"
                >
                  Workflow quota - 1 of 10 used
                </p>
              </div>
              <button
                class="bx--btn bx--btn--field bx--btn--ghost"
                tabindex="0"
                type="button"
              >
                View more quotas
              </button>
            </div>
          </hgroup>
          <div
            class="workflows"
          >
            <div
              class="container"
            >
              <a
                href="/editor/5eb2c4085a92d80001a16d87/workflow"
              >
                <section
                  class="details"
                >
                  <div
                    class="iconContainer"
                  >
                    <svg
                      alt="bot"
                      aria-hidden="true"
                      class="icon"
                      fill="currentColor"
                      focusable="false"
                      height="16"
                      preserveAspectRatio="xMidYMid meet"
                      viewBox="0 0 32 32"
                      width="16"
                      xmlns="http://www.w3.org/2000/svg"
                    >
                      <path
                        d="M18 10H20V12H18zM12 10H14V12H12z"
                      />
                      <path
                        d="M26,20H21V18h1a2.0023,2.0023,0,0,0,2-2V12h2V10H24V8a2.0023,2.0023,0,0,0-2-2H20V2H18V6H14V2H12V6H10A2.0023,2.0023,0,0,0,8,8v2H6v2H8v4a2.0023,2.0023,0,0,0,2,2h1v2H6a2.0023,2.0023,0,0,0-2,2v8H6V22H26v8h2V22A2.0023,2.0023,0,0,0,26,20ZM10,8H22v8H10Zm3,10h6v2H13Z"
                      />
                    </svg>
                  </div>
                  <div
                    class="descriptionContainer"
                  >
                    <h1
                      class="name"
                      data-testid="workflow-card-title"
                      title="ML Train – Bot Efficiency"
                    >
                      ML Train – Bot Efficiency
                    </h1>
                    <p
                      class="description"
                      title="Train and store ML model for Bot Efficiency."
                    >
                      Train and store ML model for Bot Efficiency.
                    </p>
                  </div>
                </section>
              </a>
              <section
                class="launch"
              >
                <button
                  class="bx--btn bx--btn--field bx--btn--primary bx--btn--disabled"
                  disabled=""
                  tabindex="0"
                  type="button"
                >
                  Run it
                  <svg
                    aria-hidden="true"
                    aria-label="Run Workflow"
                    class="bx--btn__icon"
                    fill="currentColor"
                    focusable="false"
                    height="20"
                    preserveAspectRatio="xMidYMid meet"
                    role="img"
                    viewBox="0 0 32 32"
                    width="20"
                    xmlns="http://www.w3.org/2000/svg"
                  >
                    <path
                      d="M21,16a6,6,0,1,1-6,6,6,6,0,0,1,6-6m0-2a8,8,0,1,0,8,8,8,8,0,0,0-8-8Z"
                    />
                    <path
                      d="M26,4H6A2,2,0,0,0,4,6V26a2,2,0,0,0,2,2h4V26H6V12H28V6A2,2,0,0,0,26,4ZM6,10V6H26v4Z"
                    />
                    <path
                      d="M19 19L19 25 24 22 19 19z"
                    />
                  </svg>
                </button>
              </section>
              <button
                aria-expanded="false"
                aria-haspopup="true"
                aria-label="Overflow card menu"
                class="bx--overflow-menu"
                style="position: absolute; right: 0px;"
                type="button"
              >
                <svg
                  aria-label="Overflow menu icon"
                  class="bx--overflow-menu__icon"
                  fill="currentColor"
                  focusable="false"
                  height="16"
                  preserveAspectRatio="xMidYMid meet"
                  role="img"
                  viewBox="0 0 32 32"
                  width="16"
                  xmlns="http://www.w3.org/2000/svg"
                >
                  <circle
                    cx="16"
                    cy="8"
                    r="2"
                  />
                  <circle
                    cx="16"
                    cy="16"
                    r="2"
                  />
                  <circle
                    cx="16"
                    cy="24"
                    r="2"
                  />
                  <title>
                    Overflow menu icon
                  </title>
                </svg>
              </button>
            </div>
            <div
              class="container"
            >
              <a
                href="/editor/5e877e944bbc6e0001c51e6e/workflow"
              >
                <section
                  class="details"
                >
                  <div
                    class="iconContainer"
                  >
                    <svg
                      alt="cloud upload"
                      aria-hidden="true"
                      class="icon"
                      fill="currentColor"
                      focusable="false"
                      height="16"
                      preserveAspectRatio="xMidYMid meet"
                      viewBox="0 0 32 32"
                      width="16"
                      xmlns="http://www.w3.org/2000/svg"
                    >
                      <path
                        d="M11 18L12.41 19.41 15 16.83 15 29 17 29 17 16.83 19.59 19.41 21 18 16 13 11 18z"
                      />
                      <path
                        d="M23.5,22H23V20h.5a4.5,4.5,0,0,0,.36-9L23,11l-.1-.82a7,7,0,0,0-13.88,0L9,11,8.14,11a4.5,4.5,0,0,0,.36,9H9v2H8.5A6.5,6.5,0,0,1,7.2,9.14a9,9,0,0,1,17.6,0A6.5,6.5,0,0,1,23.5,22Z"
                      />
                    </svg>
                  </div>
                  <div
                    class="descriptionContainer"
                  >
                    <h1
                      class="name"
                      data-testid="workflow-card-title"
                      title="Java - Deploy"
                    >
                      Java - Deploy
                    </h1>
                    <p
                      class="description"
                      title=""
                    />
                  </div>
                </section>
              </a>
              <section
                class="launch"
              >
                <button
                  class="bx--btn bx--btn--field bx--btn--primary"
                  tabindex="0"
                  type="button"
                >
                  Run it
                  <svg
                    aria-hidden="true"
                    aria-label="Run Workflow"
                    class="bx--btn__icon"
                    fill="currentColor"
                    focusable="false"
                    height="20"
                    preserveAspectRatio="xMidYMid meet"
                    role="img"
                    viewBox="0 0 32 32"
                    width="20"
                    xmlns="http://www.w3.org/2000/svg"
                  >
                    <path
                      d="M21,16a6,6,0,1,1-6,6,6,6,0,0,1,6-6m0-2a8,8,0,1,0,8,8,8,8,0,0,0-8-8Z"
                    />
                    <path
                      d="M26,4H6A2,2,0,0,0,4,6V26a2,2,0,0,0,2,2h4V26H6V12H28V6A2,2,0,0,0,26,4ZM6,10V6H26v4Z"
                    />
                    <path
                      d="M19 19L19 25 24 22 19 19z"
                    />
                  </svg>
                </button>
              </section>
              <button
                aria-expanded="false"
                aria-haspopup="true"
                aria-label="Overflow card menu"
                class="bx--overflow-menu"
                style="position: absolute; right: 0px;"
                type="button"
              >
                <svg
                  aria-label="Overflow menu icon"
                  class="bx--overflow-menu__icon"
                  fill="currentColor"
                  focusable="false"
                  height="16"
                  preserveAspectRatio="xMidYMid meet"
                  role="img"
                  viewBox="0 0 32 32"
                  width="16"
                  xmlns="http://www.w3.org/2000/svg"
                >
                  <circle
                    cx="16"
                    cy="8"
                    r="2"
                  />
                  <circle
                    cx="16"
                    cy="16"
                    r="2"
                  />
                  <circle
                    cx="16"
                    cy="24"
                    r="2"
                  />
                  <title>
                    Overflow menu icon
                  </title>
                </svg>
              </button>
            </div>
            <div
              class="container"
            >
              <a
                href="/editor/5e877d1f4bbc6e0001c51e12/workflow"
              >
                <section
                  class="details"
                >
                  <div
                    class="iconContainer"
                  >
                    <svg
                      alt="delivery"
                      aria-hidden="true"
                      class="icon"
                      fill="currentColor"
                      focusable="false"
                      height="16"
                      preserveAspectRatio="xMidYMid meet"
                      viewBox="0 0 32 32"
                      width="16"
                      xmlns="http://www.w3.org/2000/svg"
                    >
                      <path
                        d="M29.92,16.61l-3-7A1,1,0,0,0,26,9H23V7a1,1,0,0,0-1-1H3A1,1,0,0,0,2,7V24a1,1,0,0,0,1,1H5.14a4,4,0,0,0,7.72,0h6.28a4,4,0,0,0,7.72,0H29a1,1,0,0,0,1-1V17A1,1,0,0,0,29.92,16.61ZM23,11h2.34l2.14,5H23ZM9,26a2,2,0,1,1,2-2A2,2,0,0,1,9,26Zm10.14-3H12.86a4,4,0,0,0-7.72,0H4V8H21V20.56A4,4,0,0,0,19.14,23ZM23,26a2,2,0,1,1,2-2A2,2,0,0,1,23,26Zm5-3H26.86A4,4,0,0,0,23,20V18h5Z"
                      />
                    </svg>
                  </div>
                  <div
                    class="descriptionContainer"
                  >
                    <h1
                      class="name"
                      data-testid="workflow-card-title"
                      title="Java - Build"
                    >
                      Java - Build
                    </h1>
                    <p
                      class="description"
                      title="Java - Build"
                    >
                      Java - Build
                    </p>
                  </div>
                </section>
              </a>
              <section
                class="launch"
              >
                <button
                  class="bx--btn bx--btn--field bx--btn--primary"
                  tabindex="0"
                  type="button"
                >
                  Run it
                  <svg
                    aria-hidden="true"
                    aria-label="Run Workflow"
                    class="bx--btn__icon"
                    fill="currentColor"
                    focusable="false"
                    height="20"
                    preserveAspectRatio="xMidYMid meet"
                    role="img"
                    viewBox="0 0 32 32"
                    width="20"
                    xmlns="http://www.w3.org/2000/svg"
                  >
                    <path
                      d="M21,16a6,6,0,1,1-6,6,6,6,0,0,1,6-6m0-2a8,8,0,1,0,8,8,8,8,0,0,0-8-8Z"
                    />
                    <path
                      d="M26,4H6A2,2,0,0,0,4,6V26a2,2,0,0,0,2,2h4V26H6V12H28V6A2,2,0,0,0,26,4ZM6,10V6H26v4Z"
                    />
                    <path
                      d="M19 19L19 25 24 22 19 19z"
                    />
                  </svg>
                </button>
              </section>
              <div
                class="templatesWarningIcon"
              >
                <button
                  aria-describedby="icon-tooltip-1"
                  class="bx--tooltip__trigger bx--tooltip--a11y bx--tooltip--top bx--tooltip--align-center"
                  type="button"
                >
                  <span
                    class="bx--assistive-text"
                    id="icon-tooltip-1"
                  >
                    New version of a task available! To update, edit your workflow.
                  </span>
                  <svg
                    alt="Workflow warning button"
                    class="button"
                    height="26"
                    role="button"
                    style="will-change: auto;"
                    tabindex="0"
                    viewBox="0 0 26 26"
                    width="26"
                  >
                    <title>
                      x
                    </title>
                    <g
                      fill="none"
                      fill-rule="evenodd"
                      transform="translate(1 1)"
                    >
                      <circle
                        cx="12"
                        cy="12"
                        fill="#F9C100"
                        r="12"
                        stroke="#0072C3"
                      />
                      <path
                        d="M18.5 18h-13c-.2 0-.3-.1-.4-.2-.1-.2-.1-.3 0-.5l6.5-12c.1-.3.4-.4.6-.2.1 0 .2.1.2.2l6.5 12c.1.2.1.3 0 .5 0 .1-.2.2-.4.2zM6.3 17h11.3L12 6.5 6.3 17zm5.2-7h1v3.5h-1V10zm.5 4.8c-.4 0-.8.3-.8.8s.3.8.8.8c.4 0 .8-.3.8-.8s-.4-.8-.8-.8z"
                        fill="#000"
                      />
                    </g>
                  </svg>
                </button>
              </div>
              <button
                aria-expanded="false"
                aria-haspopup="true"
                aria-label="Overflow card menu"
                class="bx--overflow-menu"
                style="position: absolute; right: 0px;"
                type="button"
              >
                <svg
                  aria-label="Overflow menu icon"
                  class="bx--overflow-menu__icon"
                  fill="currentColor"
                  focusable="false"
                  height="16"
                  preserveAspectRatio="xMidYMid meet"
                  role="img"
                  viewBox="0 0 32 32"
                  width="16"
                  xmlns="http://www.w3.org/2000/svg"
                >
                  <circle
                    cx="16"
                    cy="8"
                    r="2"
                  />
                  <circle
                    cx="16"
                    cy="16"
                    r="2"
                  />
                  <circle
                    cx="16"
                    cy="24"
                    r="2"
                  />
                  <title>
                    Overflow menu icon
                  </title>
                </svg>
              </button>
            </div>
            <button
              class="container"
              data-testid="workflows-create-workflow-button"
            >
              <svg
                aria-hidden="true"
                class="addIcon"
                fill="currentColor"
                focusable="false"
                height="32"
                preserveAspectRatio="xMidYMid meet"
                viewBox="0 0 32 32"
                width="32"
                xmlns="http://www.w3.org/2000/svg"
              >
                <path
                  d="M17 15L17 8 15 8 15 15 8 15 8 17 15 17 15 24 17 24 17 17 24 17 24 15z"
                />
              </svg>
              <p
                class="text"
              >
                Create a new Workflow
              </p>
            </button>
          </div>
        </section>
        <section
          class="sectionContainer"
        >
          <hgroup
            class="header"
          >
            <h1
              class="team"
            >
              IBM Services Essentials (1)
            </h1>
            <div
              class="teamQuotaContainer"
            >
              <div
                class="quotaDescriptionContainer"
              >
                <p
                  class="teamQuotaText"
                >
                  Workflow quota - 9 of 10 used
                </p>
              </div>
              <button
                class="bx--btn bx--btn--field bx--btn--ghost"
                tabindex="0"
                type="button"
              >
                View more quotas
              </button>
            </div>
          </hgroup>
          <div
            class="workflows"
          >
            <div
              class="container"
            >
              <a
                href="/editor/5eb2c4085a92d80001a16d87/workflow"
              >
                <section
                  class="details"
                >
                  <div
                    class="iconContainer"
                  >
                    <svg
                      alt="clean"
                      aria-hidden="true"
                      class="icon"
                      fill="currentColor"
                      focusable="false"
                      height="16"
                      preserveAspectRatio="xMidYMid meet"
                      viewBox="0 0 32 32"
                      width="16"
                      xmlns="http://www.w3.org/2000/svg"
                    >
                      <path
                        d="M20 18H26V20H20z"
                        transform="rotate(-180 23 19)"
                      />
                      <path
                        d="M24 26H30V28H24z"
                        transform="rotate(-180 27 27)"
                      />
                      <path
                        d="M22 22H28V24H22z"
                        transform="rotate(-180 25 23)"
                      />
                      <path
                        d="M17.0029,20a4.8952,4.8952,0,0,0-2.4044-4.1729L22,3,20.2691,2,12.6933,15.126A5.6988,5.6988,0,0,0,7.45,16.6289C3.7064,20.24,3.9963,28.6821,4.01,29.04a1,1,0,0,0,1,.96H20.0012a1,1,0,0,0,.6-1.8C17.0615,25.5439,17.0029,20.0537,17.0029,20ZM11.93,16.9971A3.11,3.11,0,0,1,15.0041,20c0,.0381.0019.208.0168.4688L9.1215,17.8452A3.8,3.8,0,0,1,11.93,16.9971ZM15.4494,28A5.2,5.2,0,0,1,14,25H12a6.4993,6.4993,0,0,0,.9684,3H10.7451A16.6166,16.6166,0,0,1,10,24H8a17.3424,17.3424,0,0,0,.6652,4H6c.031-1.8364.29-5.8921,1.8027-8.5527l7.533,3.35A13.0253,13.0253,0,0,0,17.5968,28Z"
                      />
                    </svg>
                  </div>
                  <div
                    class="descriptionContainer"
                  >
                    <h1
                      class="name"
                      data-testid="workflow-card-title"
                      title="Essentials Training – Bot Efficiency"
                    >
                      Essentials Training – Bot Efficiency
                    </h1>
                    <p
                      class="description"
                      title="Train and store ML model for Bot Efficiency."
                    >
                      Train and store ML model for Bot Efficiency.
                    </p>
                  </div>
                </section>
              </a>
              <section
                class="launch"
              >
                <button
                  class="bx--btn bx--btn--field bx--btn--primary bx--btn--disabled"
                  disabled=""
                  tabindex="0"
                  type="button"
                >
                  Run it
                  <svg
                    aria-hidden="true"
                    aria-label="Run Workflow"
                    class="bx--btn__icon"
                    fill="currentColor"
                    focusable="false"
                    height="20"
                    preserveAspectRatio="xMidYMid meet"
                    role="img"
                    viewBox="0 0 32 32"
                    width="20"
                    xmlns="http://www.w3.org/2000/svg"
                  >
                    <path
                      d="M21,16a6,6,0,1,1-6,6,6,6,0,0,1,6-6m0-2a8,8,0,1,0,8,8,8,8,0,0,0-8-8Z"
                    />
                    <path
                      d="M26,4H6A2,2,0,0,0,4,6V26a2,2,0,0,0,2,2h4V26H6V12H28V6A2,2,0,0,0,26,4ZM6,10V6H26v4Z"
                    />
                    <path
                      d="M19 19L19 25 24 22 19 19z"
                    />
                  </svg>
                </button>
              </section>
              <button
                aria-expanded="false"
                aria-haspopup="true"
                aria-label="Overflow card menu"
                class="bx--overflow-menu"
                style="position: absolute; right: 0px;"
                type="button"
              >
                <svg
                  aria-label="Overflow menu icon"
                  class="bx--overflow-menu__icon"
                  fill="currentColor"
                  focusable="false"
                  height="16"
                  preserveAspectRatio="xMidYMid meet"
                  role="img"
                  viewBox="0 0 32 32"
                  width="16"
                  xmlns="http://www.w3.org/2000/svg"
                >
                  <circle
                    cx="16"
                    cy="8"
                    r="2"
                  />
                  <circle
                    cx="16"
                    cy="16"
                    r="2"
                  />
                  <circle
                    cx="16"
                    cy="24"
                    r="2"
                  />
                  <title>
                    Overflow menu icon
                  </title>
                </svg>
              </button>
            </div>
            <button
              class="container"
              data-testid="workflows-create-workflow-button"
            >
              <svg
                aria-hidden="true"
                class="addIcon"
                fill="currentColor"
                focusable="false"
                height="32"
                preserveAspectRatio="xMidYMid meet"
                viewBox="0 0 32 32"
                width="32"
                xmlns="http://www.w3.org/2000/svg"
              >
                <path
                  d="M17 15L17 8 15 8 15 15 8 15 8 17 15 17 15 24 17 24 17 17 24 17 24 15z"
                />
              </svg>
              <p
                class="text"
              >
                Create a new Workflow
              </p>
            </button>
          </div>
        </section>
      </div>
    </div>
  </div>
  <div
    class="bx--bmrg-modal-portal"
  />
  <div
    class="bx--bmrg-modal-portal"
  />
  <div
    class="bx--bmrg-modal-portal"
  />
  <div
    class="bx--bmrg-modal-portal"
  />
  <div
    class="bx--bmrg-modal-portal"
  />
  <div
    class="bx--bmrg-modal-portal"
  />
  <div
    class="bx--bmrg-modal-portal"
  />
  <div
    class="bx--bmrg-modal-portal"
  />
  <div
    class="bx--bmrg-modal-portal"
  />
</body>
`;
