// Jest Snapshot v1, https://goo.gl/fbAQLP

exports[`Inputs --- Snapshot Test Capturing Snapshot of Inputs 1`] = `
<body
  id="app"
>
  <div>
    <div
      class="container"
    >
      <div
        class="property"
      >
        <dl
          class="fieldContainer"
        >
          <dt
            class="fieldKey"
          >
            Label
          </dt>
          <dd
            class="fieldValue"
          >
            Tim Property
          </dd>
        </dl>
        <dl
          class="fieldContainer"
        >
          <dt
            class="fieldKey"
          >
            Key
          </dt>
          <dd
            class="fieldValue"
          >
            tim.property
          </dd>
        </dl>
        <dl
          class="fieldContainer"
        >
          <dt
            class="fieldKey"
          >
            Description
          </dt>
          <dd
            class="fieldValue"
          >
            Tim property
          </dd>
        </dl>
        <dl
          class="fieldContainer"
        >
          <dt
            class="fieldKey"
          >
            Type
          </dt>
          <dd
            class="fieldValue"
          >
            select
          </dd>
        </dl>
        <dl
          class="fieldContainer"
        >
          <dt
            class="fieldKey"
          >
            Required
          </dt>
          <dd
            class="fieldValue"
          >
            true
          </dd>
        </dl>
        <dl
          class="fieldContainer"
        >
          <dt
            class="fieldKey"
          >
            Default value
          </dt>
          <dd
            class="fieldValue"
          >
            pandas
          </dd>
        </dl>
        <dl
          class="fieldContainer"
        >
          <dt
            class="fieldKey"
          >
            Valid values
          </dt>
          <dd
            class="fieldValue"
          >
            pandas, dogs
          </dd>
        </dl>
        <button
          class="editContainer"
        >
          <svg
            aria-label="Edit"
            class="editIcon"
            focusable="false"
            height="32"
            preserveAspectRatio="xMidYMid meet"
            role="img"
            style="will-change: transform;"
            viewBox="0 0 32 32"
            width="32"
            xmlns="http://www.w3.org/2000/svg"
          >
            <path
              d="M2 27h28v2H2zM25.41 9a2 2 0 0 0 0-2.83l-3.58-3.58a2 2 0 0 0-2.83 0l-15 15V24h6.41zm-5-5L24 7.59l-3 3L17.41 7zM6 22v-3.59l10-10L19.59 12l-10 10z"
            />
          </svg>
        </button>
        <button
          class="deleteContainer"
        >
          <svg
            aria-hidden="true"
            class="deleteIcon"
            focusable="false"
            height="32"
            preserveAspectRatio="xMidYMid meet"
            style="will-change: transform;"
            viewBox="0 0 32 32"
            width="32"
            xmlns="http://www.w3.org/2000/svg"
          >
            <path
              d="M24 9.4L22.6 8 16 14.6 9.4 8 8 9.4l6.6 6.6L8 22.6 9.4 24l6.6-6.6 6.6 6.6 1.4-1.4-6.6-6.6L24 9.4z"
            />
          </svg>
        </button>
      </div>
      <button
        class="createPropertyCard"
        data-testid="create-new-workflow-input-button"
      >
        <div
          class="createContainer"
        >
          <svg
            aria-label="Add"
            class="createIcon"
            focusable="false"
            height="32"
            preserveAspectRatio="xMidYMid meet"
            role="img"
            style="will-change: transform;"
            viewBox="0 0 32 32"
            width="32"
            xmlns="http://www.w3.org/2000/svg"
          >
            <path
              d="M17 15V7h-2v8H7v2h8v8h2v-8h8v-2h-8z"
            />
          </svg>
          <p
            class="createText"
          >
            Create a new property
          </p>
        </div>
      </button>
    </div>
  </div>
  <div
    class="ReactModalPortal"
  />
  <div
    class="ReactModalPortal"
  />
  <div
    class="ReactModalPortal"
  />
</body>
`;
